Archive member included to satisfy reference by file (symbol)

.\CortexM3\ARM_GCC_541\Debug\ZumoBot.a(PWM.o)
                              .\CortexM3\ARM_GCC_541\Debug\Motor.o (PWM_Stop)
.\CortexM3\ARM_GCC_541\Debug\ZumoBot.a(I2C.o)
                              .\CortexM3\ARM_GCC_541\Debug\Nunchuk.o (I2C_Start)
.\CortexM3\ARM_GCC_541\Debug\ZumoBot.a(I2C_INT.o)
                              .\CortexM3\ARM_GCC_541\Debug\ZumoBot.a(I2C.o) (I2C_ISR)
.\CortexM3\ARM_GCC_541\Debug\ZumoBot.a(I2C_PM.o)
                              .\CortexM3\ARM_GCC_541\Debug\ZumoBot.a(I2C.o) (I2C_backup)
.\CortexM3\ARM_GCC_541\Debug\ZumoBot.a(I2C_MASTER.o)
                              .\CortexM3\ARM_GCC_541\Debug\Nunchuk.o (I2C_MasterWriteBuf)
.\CortexM3\ARM_GCC_541\Debug\ZumoBot.a(UART_1.o)
                              .\CortexM3\ARM_GCC_541\Debug\rtos_main.o (UART_1_Start)
.\CortexM3\ARM_GCC_541\Debug\ZumoBot.a(MotorDirLeft.o)
                              .\CortexM3\ARM_GCC_541\Debug\Motor.o (MotorDirLeft_Write)
.\CortexM3\ARM_GCC_541\Debug\ZumoBot.a(MotorDirRight.o)
                              .\CortexM3\ARM_GCC_541\Debug\Motor.o (MotorDirRight_Write)
.\CortexM3\ARM_GCC_541\Debug\ZumoBot.a(L3.o)
                              .\CortexM3\ARM_GCC_541\Debug\Reflectance.o (L3_Write)
.\CortexM3\ARM_GCC_541\Debug\ZumoBot.a(Timer_L3.o)
                              .\CortexM3\ARM_GCC_541\Debug\Reflectance.o (Timer_L3_ReadStatusRegister)
.\CortexM3\ARM_GCC_541\Debug\ZumoBot.a(Timer_R3.o)
                              .\CortexM3\ARM_GCC_541\Debug\Reflectance.o (Timer_R3_ReadStatusRegister)
.\CortexM3\ARM_GCC_541\Debug\ZumoBot.a(Refl_led.o)
                              .\CortexM3\ARM_GCC_541\Debug\Reflectance.o (Refl_led_Write)
.\CortexM3\ARM_GCC_541\Debug\ZumoBot.a(Timer_R1.o)
                              .\CortexM3\ARM_GCC_541\Debug\Reflectance.o (Timer_R1_ReadStatusRegister)
.\CortexM3\ARM_GCC_541\Debug\ZumoBot.a(R1.o)
                              .\CortexM3\ARM_GCC_541\Debug\Reflectance.o (R1_Write)
.\CortexM3\ARM_GCC_541\Debug\ZumoBot.a(R3.o)
                              .\CortexM3\ARM_GCC_541\Debug\Reflectance.o (R3_Write)
.\CortexM3\ARM_GCC_541\Debug\ZumoBot.a(Timer_L1.o)
                              .\CortexM3\ARM_GCC_541\Debug\Reflectance.o (Timer_L1_ReadStatusRegister)
.\CortexM3\ARM_GCC_541\Debug\ZumoBot.a(L1.o)
                              .\CortexM3\ARM_GCC_541\Debug\Reflectance.o (L1_Write)
.\CortexM3\ARM_GCC_541\Debug\ZumoBot.a(IR_receiver.o)
                              .\CortexM3\ARM_GCC_541\Debug\IR.o (IR_receiver_Read)
.\CortexM3\ARM_GCC_541\Debug\ZumoBot.a(Trig.o)
                              .\CortexM3\ARM_GCC_541\Debug\Ultra.o (Trig_Write)
.\CortexM3\ARM_GCC_541\Debug\ZumoBot.a(Timer.o)
                              .\CortexM3\ARM_GCC_541\Debug\Ultra.o (Timer_ReadStatusRegister)
.\CortexM3\ARM_GCC_541\Debug\ZumoBot.a(Echo.o)
                              .\CortexM3\ARM_GCC_541\Debug\Ultra.o (Echo_Read)
.\CortexM3\ARM_GCC_541\Debug\ZumoBot.a(ultra_isr.o)
                              .\CortexM3\ARM_GCC_541\Debug\Ultra.o (ultra_isr_StartEx)
.\CortexM3\ARM_GCC_541\Debug\ZumoBot.a(Buzzer_PWM.o)
                              .\CortexM3\ARM_GCC_541\Debug\Beep.o (Buzzer_PWM_Stop)
.\CortexM3\ARM_GCC_541\Debug\ZumoBot.a(IR_isr.o)
                              .\CortexM3\ARM_GCC_541\Debug\IR.o (IR_isr_StartEx)
.\CortexM3\ARM_GCC_541\Debug\ZumoBot.a(Timer_IR.o)
                              .\CortexM3\ARM_GCC_541\Debug\IR.o (Timer_IR_ReadStatusRegister)
.\CortexM3\ARM_GCC_541\Debug\ZumoBot.a(SW1.o)
                              .\CortexM3\ARM_GCC_541\Debug\main.o (SW1_Read)
.\CortexM3\ARM_GCC_541\Debug\ZumoBot.a(Timer_R2.o)
                              .\CortexM3\ARM_GCC_541\Debug\Reflectance.o (Timer_R2_ReadStatusRegister)
.\CortexM3\ARM_GCC_541\Debug\ZumoBot.a(Timer_L2.o)
                              .\CortexM3\ARM_GCC_541\Debug\Reflectance.o (Timer_L2_ReadStatusRegister)
.\CortexM3\ARM_GCC_541\Debug\ZumoBot.a(L2.o)
                              .\CortexM3\ARM_GCC_541\Debug\Reflectance.o (L2_Write)
.\CortexM3\ARM_GCC_541\Debug\ZumoBot.a(R2.o)
                              .\CortexM3\ARM_GCC_541\Debug\Reflectance.o (R2_Write)
.\CortexM3\ARM_GCC_541\Debug\ZumoBot.a(Timer_Reset.o)
                              .\CortexM3\ARM_GCC_541\Debug\Reflectance.o (Timer_Reset_Write)
.\CortexM3\ARM_GCC_541\Debug\ZumoBot.a(UART_2.o)
                              .\CortexM3\ARM_GCC_541\Debug\rtos_main.o (UART_2_Start)
.\CortexM3\ARM_GCC_541\Debug\ZumoBot.a(isr_U2_TX.o)
                              .\CortexM3\ARM_GCC_541\Debug\serial.o (isr_U2_TX_StartEx)
.\CortexM3\ARM_GCC_541\Debug\ZumoBot.a(isr_U2_RX.o)
                              .\CortexM3\ARM_GCC_541\Debug\serial.o (isr_U2_RX_StartEx)
.\CortexM3\ARM_GCC_541\Debug\ZumoBot.a(StatisticsCounter.o)
                              .\CortexM3\ARM_GCC_541\Debug\tasks.o (StatisticsCounter_ReadCounter)
.\CortexM3\ARM_GCC_541\Debug\ZumoBot.a(RST_E.o)
[...]
Memory Configuration

Name             Origin             Length             Attributes
rom              0x00000000         0x00040000         xr
ram              0x1fff8000         0x00010000         xrw
*default*        0x00000000         0xffffffff

Linker script and memory map

LOAD c:/program files (x86)/cypress/psoc creator/4.2/psoc creator/import/gnu/arm/5.4.1/bin/../lib/gcc/arm-none-eabi/5.4.1/armv7-m/crti.o
LOAD c:/program files (x86)/cypress/psoc creator/4.2/psoc creator/import/gnu/arm/5.4.1/bin/../lib/gcc/arm-none-eabi/5.4.1/armv7-m/crtbegin.o
LOAD c:/program files (x86)/cypress/psoc creator/4.2/psoc creator/import/gnu/arm/5.4.1/bin/../lib/gcc/arm-none-eabi/5.4.1/../../../../arm-none-eabi/lib/armv7-m/crt0.o
START GROUP
LOAD .\CortexM3\ARM_GCC_541\Debug\Beep.o
LOAD .\CortexM3\ARM_GCC_541\Debug\Gyro.o
LOAD .\CortexM3\ARM_GCC_541\Debug\IR.o
LOAD .\CortexM3\ARM_GCC_541\Debug\Magnet.o
LOAD .\CortexM3\ARM_GCC_541\Debug\Motor.o
LOAD .\CortexM3\ARM_GCC_541\Debug\Nunchuk.o
LOAD .\CortexM3\ARM_GCC_541\Debug\Ultra.o
LOAD .\CortexM3\ARM_GCC_541\Debug\Retarget.o
LOAD .\CortexM3\ARM_GCC_541\Debug\I2C_Common.o
LOAD .\CortexM3\ARM_GCC_541\Debug\LSM303D.o
LOAD .\CortexM3\ARM_GCC_541\Debug\debug_uart.o
LOAD .\CortexM3\ARM_GCC_541\Debug\esp8266_socket.o
LOAD .\CortexM3\ARM_GCC_541\Debug\rtos_main.o
LOAD .\CortexM3\ARM_GCC_541\Debug\serial.o
LOAD .\CortexM3\ARM_GCC_541\Debug\mqtt_sender.o
LOAD .\CortexM3\ARM_GCC_541\Debug\serial1.o
LOAD .\CortexM3\ARM_GCC_541\Debug\Reflectance.o
LOAD .\CortexM3\ARM_GCC_541\Debug\MQTTClient.o
LOAD .\CortexM3\ARM_GCC_541\Debug\MQTTFreeRTOS.o
LOAD .\CortexM3\ARM_GCC_541\Debug\MQTTConnectClient.o
LOAD .\CortexM3\ARM_GCC_541\Debug\MQTTConnectServer.o
LOAD .\CortexM3\ARM_GCC_541\Debug\MQTTDeserializePublish.o
LOAD .\CortexM3\ARM_GCC_541\Debug\MQTTFormat.o
LOAD .\CortexM3\ARM_GCC_541\Debug\MQTTPacket.o
LOAD .\CortexM3\ARM_GCC_541\Debug\MQTTSerializePublish.o
LOAD .\CortexM3\ARM_GCC_541\Debug\MQTTSubscribeClient.o
LOAD .\CortexM3\ARM_GCC_541\Debug\MQTTSubscribeServer.o
LOAD .\CortexM3\ARM_GCC_541\Debug\MQTTUnsubscribeClient.o
LOAD .\CortexM3\ARM_GCC_541\Debug\MQTTUnsubscribeServer.o
LOAD .\CortexM3\ARM_GCC_541\Debug\croutine.o
LOAD .\CortexM3\ARM_GCC_541\Debug\event_groups.o
LOAD .\CortexM3\ARM_GCC_541\Debug\list.o
LOAD .\CortexM3\ARM_GCC_541\Debug\queue.o
LOAD .\CortexM3\ARM_GCC_541\Debug\stream_buffer.o
LOAD .\CortexM3\ARM_GCC_541\Debug\tasks.o
LOAD .\CortexM3\ARM_GCC_541\Debug\timers.o
LOAD .\CortexM3\ARM_GCC_541\Debug\port.o
LOAD .\CortexM3\ARM_GCC_541\Debug\heap_2.o
LOAD .\CortexM3\ARM_GCC_541\Debug\main.o
LOAD .\CortexM3\ARM_GCC_541\Debug\cyfitter_cfg.o
LOAD .\CortexM3\ARM_GCC_541\Debug\cymetadata.o
LOAD .\CortexM3\ARM_GCC_541\Debug\Cm3Start.o
LOAD .\CortexM3\ARM_GCC_541\Debug\ZumoBot.a
LOAD C:\Program Files (x86)\Cypress\PSoC Creator\4.2\PSoC Creator\psoc\content\cycomponentlibrary\CyComponentLibrary.cylib\CortexM3\ARM_GCC_541\Debug\CyComponentLibrary.a
LOAD c:/program files (x86)/cypress/psoc creator/4.2/psoc creator/import/gnu/arm/5.4.1/bin/../lib/gcc/arm-none-eabi/5.4.1/../../../../arm-none-eabi/lib/armv7-m\libm.a
END GROUP
START GROUP
LOAD c:/program files (x86)/cypress/psoc creator/4.2/psoc creator/import/gnu/arm/5.4.1/bin/../lib/gcc/arm-none-eabi/5.4.1/armv7-m\libgcc.a
LOAD c:/program files (x86)/cypress/psoc creator/4.2/psoc creator/import/gnu/arm/5.4.1/bin/../lib/gcc/arm-none-eabi/5.4.1/../../../../arm-none-eabi/lib/armv7-m\libg.a
LOAD c:/program files (x86)/cypress/psoc creator/4.2/psoc creator/import/gnu/arm/5.4.1/bin/../lib/gcc/arm-none-eabi/5.4.1/../../../../arm-none-eabi/lib/armv7-m\libc.a
END GROUP
LOAD c:/program files (x86)/cypress/psoc creator/4.2/psoc creator/import/gnu/arm/5.4.1/bin/../lib/gcc/arm-none-eabi/5.4.1/armv7-m/crtend.o
LOAD c:/program files (x86)/cypress/psoc creator/4.2/psoc creator/import/gnu/arm/5.4.1/bin/../lib/gcc/arm-none-eabi/5.4.1/armv7-m/crtn.o
START GROUP
LOAD c:/program files (x86)/cypress/psoc creator/4.2/psoc creator/import/gnu/arm/5.4.1/bin/../lib/gcc/arm-none-eabi/5.4.1/armv7-m\libgcc.a
LOAD c:/program files (x86)/cypress/psoc creator/4.2/psoc creator/import/gnu/arm/5.4.1/bin/../lib/gcc/arm-none-eabi/5.4.1/../../../../arm-none-eabi/lib/armv7-m\libc.a
LOAD c:/program files (x86)/cypress/psoc creator/4.2/psoc creator/import/gnu/arm/5.4.1/bin/../lib/gcc/arm-none-eabi/5.4.1/../../../../arm-none-eabi/lib/armv7-m\libnosys.a
END GROUP
                0x00000000                CY_APPL_ORIGIN = 0x0
                0x00000100                CY_FLASH_ROW_SIZE = 0x100
                0x00000020                CY_ECC_ROW_SIZE = 0x20
                0x00000000                CY_EE_IN_BTLDR = 0x0
                0x00000000                CY_APPL_LOADABLE = 0x0
                0x00000800                CY_EE_SIZE = 0x800
                0x00000001                CY_APPL_NUM = 0x1
                0x00000001                CY_APPL_MAX = 0x1
                0x00000040                CY_METADATA_SIZE = 0x40
                0x00000000                CY_APPL_LOADABLE = 0x0
                0x00000000                CY_CHECKSUM_EXCLUDE_SIZE = ALIGN (0x0, CY_FLASH_ROW_SIZE)
                [!provide]                PROVIDE (__cy_heap_start, _end)
                0x00000001                PROVIDE (__cy_region_num, ((__cy_regions_end - __cy_regions) / 0x10))
                0x20008000                PROVIDE (__cy_stack, (ORIGIN (ram) + LENGTH (ram)))
                [!provide]                PROVIDE (__cy_heap_end, (__cy_stack - 0x800))

.cybootloader   0x00000000        0x0
 *(.cybootloader)
                0x00000000                appl1_start = CY_APPL_ORIGIN?CY_APPL_ORIGIN:ALIGN (CY_FLASH_ROW_SIZE)
                0x0001ff00                appl2_start = (appl1_start + ALIGN ((((LENGTH (rom) - appl1_start) - (0x2 * CY_FLASH_ROW_SIZE)) / 0x2), CY_FLASH_ROW_SIZE))
                0x00000000                appl_start = (CY_APPL_NUM == 0x1)?appl1_start:appl2_start
                0x00000000                ecc_offset = ((appl_start / CY_FLASH_ROW_SIZE) * CY_ECC_ROW_SIZE)
                0x00000000                ee_offset = (CY_APPL_LOADABLE && ! (CY_EE_IN_BTLDR))?((CY_EE_SIZE / CY_APPL_MAX) * (CY_APPL_NUM - 0x1)):0x0
                0x00000800                ee_size = (CY_APPL_LOADABLE && ! (CY_EE_IN_BTLDR))?(CY_EE_SIZE / CY_APPL_MAX):CY_EE_SIZE
                [!provide]                PROVIDE (CY_ECC_OFFSET, ecc_offset)

.text           0x00000000     0x8acc
 CREATE_OBJECT_SYMBOLS
                0x00000000                PROVIDE (__cy_interrupt_vector, RomVectors)
 *(.romvectors)
 .romvectors    0x00000000       0x10 .\CortexM3\ARM_GCC_541\Debug\Cm3Start.o
                0x00000000                RomVectors
                0x00000001                ASSERT ((. != __cy_interrupt_vector), No interrupt vector)
                0x00000001                ASSERT (CY_APPL_ORIGIN?(SIZEOF (.cybootloader) <= CY_APPL_ORIGIN):0x1, Wrong image location)
                0x00000010                PROVIDE (__cy_reset, Reset)
 *(.text.Reset)
 .text.Reset    0x00000010       0x18 .\CortexM3\ARM_GCC_541\Debug\Cm3Start.o
                0x00000010                Reset
                0x00000001                ASSERT ((. != __cy_reset), No reset code)
 *(.dma_init)
                0x00000001                ASSERT ((((appl_start + .) <= 0x10000) || 0x1), DMA Init must be within the first 64k of flash)
 *(.text .text.* .gnu.linkonce.t.*)
 .text          0x00000028       0x5c c:/program files (x86)/cypress/psoc creator/4.2/psoc creator/import/gnu/arm/5.4.1/bin/../lib/gcc/arm-none-eabi/5.4.1/armv7-m/crtbegin.o
 .text.motor_start
                0x00000084        0x8 .\CortexM3\ARM_GCC_541\Debug\Motor.o
                0x00000084                motor_start
 .text.motor_stop
                0x0000008c        0x8 .\CortexM3\ARM_GCC_541\Debug\Motor.o
                0x0000008c                motor_stop
 .text.motor_forward
                0x00000094       0x28 .\CortexM3\ARM_GCC_541\Debug\Motor.o
                0x00000094                motor_forward
 .text.RetargetInit
                0x000000bc       0x14 .\CortexM3\ARM_GCC_541\Debug\Retarget.o
                0x000000bc                RetargetInit
 .text._write   0x000000d0       0x34 .\CortexM3\ARM_GCC_541\Debug\Retarget.o
                0x000000d0                _write
 .text._read    0x00000104      0x10c .\CortexM3\ARM_GCC_541\Debug\Retarget.o
                0x00000104                _read
 .text.DebugUartTaskInit
                0x00000210       0x24 .\CortexM3\ARM_GCC_541\Debug\debug_uart.o
                0x00000210                DebugUartTaskInit
 .text.start_zmain
                0x00000234       0x18 .\CortexM3\ARM_GCC_541\Debug\rtos_main.o
 .text.prvHardwareSetup
                0x0000024c       0x2c .\CortexM3\ARM_GCC_541\Debug\rtos_main.o
 .text.main     0x00000278       0x40 .\CortexM3\ARM_GCC_541\Debug\rtos_main.o
                0x00000278                main
 .text.vApplicationStackOverflowHook
                0x000002b8       0x14 .\CortexM3\ARM_GCC_541\Debug\rtos_main.o
                0x000002b8                vApplicationStackOverflowHook
 .text.vApplicationMallocFailedHook
                0x000002cc       0x14 .\CortexM3\ARM_GCC_541\Debug\rtos_main.o
                0x000002cc                vApplicationMallocFailedHook
 .text.MQTTSendTaskInit
                0x000002e0       0x24 .\CortexM3\ARM_GCC_541\Debug\mqtt_sender.o
                0x000002e0                MQTTSendTaskInit
 .text.vUart1RxISR
                0x00000304       0x5c .\CortexM3\ARM_GCC_541\Debug\serial1.o
                0x00000304                vUart1RxISR
 .text.vUart1TxISR
                0x00000360       0x70 .\CortexM3\ARM_GCC_541\Debug\serial1.o
                0x00000360                vUart1TxISR
 .text.vSerial1PortInitMinimal
                0x000003d0       0x58 .\CortexM3\ARM_GCC_541\Debug\serial1.o
                0x000003d0                vSerial1PortInitMinimal
 .text.xSerial1GetChar
                0x00000428       0x20 .\CortexM3\ARM_GCC_541\Debug\serial1.o
                0x00000428                xSerial1GetChar
 .text.xSerial1PutChar
                0x00000448       0x3c .\CortexM3\ARM_GCC_541\Debug\serial1.o
                0x00000448                xSerial1PutChar
 .text.ReflectanceTask
                0x00000484      0x1c4 .\CortexM3\ARM_GCC_541\Debug\Reflectance.o
                0x00000484                ReflectanceTask
 .text.reflectance_start
                0x00000648       0x54 .\CortexM3\ARM_GCC_541\Debug\Reflectance.o
                0x00000648                reflectance_start
 .text.reflectance_read
                0x0000069c       0x18 .\CortexM3\ARM_GCC_541\Debug\Reflectance.o
                0x0000069c                reflectance_read
 .text.reflectance_digital
                0x000006b4       0x9c .\CortexM3\ARM_GCC_541\Debug\Reflectance.o
                0x000006b4                reflectance_digital
 .text.reflectance_set_threshold
                0x00000750       0x20 .\CortexM3\ARM_GCC_541\Debug\Reflectance.o
                0x00000750                reflectance_set_threshold
 .text.vListInitialise
                0x00000770       0x18 .\CortexM3\ARM_GCC_541\Debug\list.o
                0x00000770                vListInitialise
 .text.vListInitialiseItem
                0x00000788        0x8 .\CortexM3\ARM_GCC_541\Debug\list.o
                0x00000788                vListInitialiseItem
 .text.vListInsertEnd
                0x00000790       0x18 .\CortexM3\ARM_GCC_541\Debug\list.o
                0x00000790                vListInsertEnd
 .text.vListInsert
                0x000007a8       0x34 .\CortexM3\ARM_GCC_541\Debug\list.o
                0x000007a8                vListInsert
 .text.uxListRemove
                0x000007dc       0x28 .\CortexM3\ARM_GCC_541\Debug\list.o
                0x000007dc                uxListRemove
 .text.prvGetDisinheritPriorityAfterTimeout
                0x00000804       0x14 .\CortexM3\ARM_GCC_541\Debug\queue.o
 .text.prvIsQueueFull
                0x00000818       0x20 .\CortexM3\ARM_GCC_541\Debug\queue.o
 .text.prvIsQueueEmpty
                0x00000838       0x1c .\CortexM3\ARM_GCC_541\Debug\queue.o
 .text.prvCopyDataToQueue
                0x00000854       0x78 .\CortexM3\ARM_GCC_541\Debug\queue.o
 .text.prvCopyDataFromQueue
                0x000008cc       0x24 .\CortexM3\ARM_GCC_541\Debug\queue.o
 .text.prvUnlockQueue
                0x000008f0       0x68 .\CortexM3\ARM_GCC_541\Debug\queue.o
 .text.xQueueGenericReset
                0x00000958       0x6c .\CortexM3\ARM_GCC_541\Debug\queue.o
                0x00000958                xQueueGenericReset
 .text.prvInitialiseNewQueue
                0x000009c4       0x24 .\CortexM3\ARM_GCC_541\Debug\queue.o
 .text.xQueueGenericCreate
                0x000009e8       0x34 .\CortexM3\ARM_GCC_541\Debug\queue.o
                0x000009e8                xQueueGenericCreate
 .text.xQueueGenericSend
                0x00000a1c      0x108 .\CortexM3\ARM_GCC_541\Debug\queue.o
                0x00000a1c                xQueueGenericSend
 .text.prvInitialiseMutex
                0x00000b24       0x18 .\CortexM3\ARM_GCC_541\Debug\queue.o
 .text.xQueueCreateMutex
                0x00000b3c       0x18 .\CortexM3\ARM_GCC_541\Debug\queue.o
                0x00000b3c                xQueueCreateMutex
 .text.xQueueGenericSendFromISR
                0x00000b54       0x70 .\CortexM3\ARM_GCC_541\Debug\queue.o
                0x00000b54                xQueueGenericSendFromISR
 .text.xQueueReceive
                0x00000bc4       0xf8 .\CortexM3\ARM_GCC_541\Debug\queue.o
                0x00000bc4                xQueueReceive
 .text.xQueueSemaphoreTake
                0x00000cbc      0x128 .\CortexM3\ARM_GCC_541\Debug\queue.o
                0x00000cbc                xQueueSemaphoreTake
 .text.xQueueReceiveFromISR
                0x00000de4       0x74 .\CortexM3\ARM_GCC_541\Debug\queue.o
                0x00000de4                xQueueReceiveFromISR
 .text.prvResetNextTaskUnblockTime
                0x00000e58       0x2c .\CortexM3\ARM_GCC_541\Debug\tasks.o
 .text.prvInitialiseNewTask
                0x00000e84      0x100 .\CortexM3\ARM_GCC_541\Debug\tasks.o
 .text.prvInitialiseTaskLists
                0x00000f84       0x58 .\CortexM3\ARM_GCC_541\Debug\tasks.o
 .text.prvAddNewTaskToReadyList
                0x00000fdc       0xac .\CortexM3\ARM_GCC_541\Debug\tasks.o
 .text.prvDeleteTCB
                0x00001088       0x18 .\CortexM3\ARM_GCC_541\Debug\tasks.o
 .text.prvCheckTasksWaitingTermination
                0x000010a0       0x44 .\CortexM3\ARM_GCC_541\Debug\tasks.o
 .text.prvIdleTask
                0x000010e4        0x8 .\CortexM3\ARM_GCC_541\Debug\tasks.o
 .text.prvAddCurrentTaskToDelayedList
                0x000010ec       0x84 .\CortexM3\ARM_GCC_541\Debug\tasks.o
 .text.xTaskCreate
                0x00001170       0x64 .\CortexM3\ARM_GCC_541\Debug\tasks.o
                0x00001170                xTaskCreate
 .text.vTaskStartScheduler
                0x000011d4       0x6c .\CortexM3\ARM_GCC_541\Debug\tasks.o
                0x000011d4                vTaskStartScheduler
 .text.vTaskSuspendAll
                0x00001240       0x14 .\CortexM3\ARM_GCC_541\Debug\tasks.o
                0x00001240                vTaskSuspendAll
 .text.xTaskGetTickCount
                0x00001254        0xc .\CortexM3\ARM_GCC_541\Debug\tasks.o
                0x00001254                xTaskGetTickCount
 .text.xTaskIncrementTick
                0x00001260      0x108 .\CortexM3\ARM_GCC_541\Debug\tasks.o
                0x00001260                xTaskIncrementTick
 .text.xTaskResumeAll
                0x00001368       0xd8 .\CortexM3\ARM_GCC_541\Debug\tasks.o
                0x00001368                xTaskResumeAll
 .text.vTaskDelayUntil
                0x00001440       0x6c .\CortexM3\ARM_GCC_541\Debug\tasks.o
                0x00001440                vTaskDelayUntil
 .text.vTaskDelay
                0x000014ac       0x34 .\CortexM3\ARM_GCC_541\Debug\tasks.o
                0x000014ac                vTaskDelay
 .text.vTaskSwitchContext
                0x000014e0       0xd4 .\CortexM3\ARM_GCC_541\Debug\tasks.o
                0x000014e0                vTaskSwitchContext
 .text.vTaskSuspend
                0x000015b4       0xc0 .\CortexM3\ARM_GCC_541\Debug\tasks.o
                0x000015b4                vTaskSuspend
 .text.vTaskPlaceOnEventList
                0x00001674       0x20 .\CortexM3\ARM_GCC_541\Debug\tasks.o
                0x00001674                vTaskPlaceOnEventList
 .text.xTaskRemoveFromEventList
                0x00001694       0x74 .\CortexM3\ARM_GCC_541\Debug\tasks.o
                0x00001694                xTaskRemoveFromEventList
 .text.vTaskInternalSetTimeOutState
                0x00001708       0x14 .\CortexM3\ARM_GCC_541\Debug\tasks.o
                0x00001708                vTaskInternalSetTimeOutState
 .text.xTaskCheckForTimeOut
                0x0000171c       0x58 .\CortexM3\ARM_GCC_541\Debug\tasks.o
                0x0000171c                xTaskCheckForTimeOut
 .text.vTaskMissedYield
                0x00001774       0x10 .\CortexM3\ARM_GCC_541\Debug\tasks.o
                0x00001774                vTaskMissedYield
 .text.xTaskPriorityInherit
                0x00001784       0xd0 .\CortexM3\ARM_GCC_541\Debug\tasks.o
                0x00001784                xTaskPriorityInherit
 .text.xTaskPriorityDisinherit
                0x00001854       0x88 .\CortexM3\ARM_GCC_541\Debug\tasks.o
                0x00001854                xTaskPriorityDisinherit
 .text.vTaskPriorityDisinheritAfterTimeout
                0x000018dc       0xa0 .\CortexM3\ARM_GCC_541\Debug\tasks.o
                0x000018dc                vTaskPriorityDisinheritAfterTimeout
 .text.pvTaskIncrementMutexHeldCount
                0x0000197c       0x20 .\CortexM3\ARM_GCC_541\Debug\tasks.o
                0x0000197c                pvTaskIncrementMutexHeldCount
 .text.prvTaskExitError
                0x0000199c       0x20 .\CortexM3\ARM_GCC_541\Debug\port.o
 .text.prvPortStartFirstTask
                0x000019bc       0x20 .\CortexM3\ARM_GCC_541\Debug\port.o
 .text.pxPortInitialiseStack
                0x000019dc       0x24 .\CortexM3\ARM_GCC_541\Debug\port.o
                0x000019dc                pxPortInitialiseStack
 .text.vPortSVCHandler
                0x00001a00       0x24 .\CortexM3\ARM_GCC_541\Debug\port.o
                0x00001a00                vPortSVCHandler
 .text.vPortEnterCritical
                0x00001a24       0x20 .\CortexM3\ARM_GCC_541\Debug\port.o
                0x00001a24                vPortEnterCritical
 .text.vPortExitCritical
                0x00001a44       0x14 .\CortexM3\ARM_GCC_541\Debug\port.o
                0x00001a44                vPortExitCritical
 *fill*         0x00001a58        0x8 
 .text.xPortPendSVHandler
                0x00001a60       0x44 .\CortexM3\ARM_GCC_541\Debug\port.o
                0x00001a60                xPortPendSVHandler
 .text.xPortSysTickHandler
                0x00001aa4       0x2c .\CortexM3\ARM_GCC_541\Debug\port.o
                0x00001aa4                xPortSysTickHandler
 .text.vPortSetupTimerInterrupt
                0x00001ad0       0x24 .\CortexM3\ARM_GCC_541\Debug\port.o
                0x00001ad0                vPortSetupTimerInterrupt
 .text.xPortStartScheduler
                0x00001af4       0x38 .\CortexM3\ARM_GCC_541\Debug\port.o
                0x00001af4                xPortStartScheduler
 .text.prvHeapInit
                0x00001b2c       0x30 .\CortexM3\ARM_GCC_541\Debug\heap_2.o
 .text.pvPortMalloc
                0x00001b5c       0xb4 .\CortexM3\ARM_GCC_541\Debug\heap_2.o
                0x00001b5c                pvPortMalloc
 .text.vPortFree
                0x00001c10       0x44 .\CortexM3\ARM_GCC_541\Debug\heap_2.o
                0x00001c10                vPortFree
 .text.motor_turn_left
                0x00001c54       0x28 .\CortexM3\ARM_GCC_541\Debug\main.o
                0x00001c54                motor_turn_left
 .text.motor_turn_right
                0x00001c7c       0x28 .\CortexM3\ARM_GCC_541\Debug\main.o
                0x00001c7c                motor_turn_right
 .text.zmain    0x00001ca4      0x294 .\CortexM3\ARM_GCC_541\Debug\main.o
                0x00001ca4                zmain
 .text.CyClockStartupError
                0x00001f38        0x4 .\CortexM3\ARM_GCC_541\Debug\cyfitter_cfg.o
 .text.cfg_write_bytes32
                0x00001f3c       0x34 .\CortexM3\ARM_GCC_541\Debug\cyfitter_cfg.o
 .text.CYMEMZERO
                0x00001f70        0xc .\CortexM3\ARM_GCC_541\Debug\cyfitter_cfg.o
 .text.AnalogSetDefault
                0x00001f7c       0x80 .\CortexM3\ARM_GCC_541\Debug\cyfitter_cfg.o
 .text.CYCONFIGCPY
                0x00001ffc        0x8 .\CortexM3\ARM_GCC_541\Debug\cyfitter_cfg.o
 .text.ClockSetup
                0x00002004      0x16c .\CortexM3\ARM_GCC_541\Debug\cyfitter_cfg.o
 .text.cyfitter_cfg
                0x00002170      0x148 .\CortexM3\ARM_GCC_541\Debug\cyfitter_cfg.o
                0x00002170                cyfitter_cfg
 .text.IntDefaultHandler
                0x000022b8       0x10 .\CortexM3\ARM_GCC_541\Debug\Cm3Start.o
                0x000022b8                IntDefaultHandler
 .text._sbrk    0x000022c8       0x30 .\CortexM3\ARM_GCC_541\Debug\Cm3Start.o
                0x000022c8                _sbrk
 .text.Start_c  0x000022f8       0x4c .\CortexM3\ARM_GCC_541\Debug\Cm3Start.o
                0x000022f8                Start_c
 .text.initialize_psoc
                0x00002344       0x68 .\CortexM3\ARM_GCC_541\Debug\Cm3Start.o
                0x00002344                initialize_psoc
 .text.PWM_Enable
                0x000023ac       0x10 .\CortexM3\ARM_GCC_541\Debug\ZumoBot.a(PWM.o)
                0x000023ac                PWM_Enable
 .text.PWM_Stop
                0x000023bc       0x10 .\CortexM3\ARM_GCC_541\Debug\ZumoBot.a(PWM.o)
                0x000023bc                PWM_Stop
 .text.PWM_WriteCounter
                0x000023cc        0xc .\CortexM3\ARM_GCC_541\Debug\ZumoBot.a(PWM.o)
                0x000023cc                PWM_WriteCounter
 .text.PWM_WritePeriod
                0x000023d8        0xc .\CortexM3\ARM_GCC_541\Debug\ZumoBot.a(PWM.o)
                0x000023d8                PWM_WritePeriod
 .text.PWM_WriteCompare1
                0x000023e4        0xc .\CortexM3\ARM_GCC_541\Debug\ZumoBot.a(PWM.o)
                0x000023e4                PWM_WriteCompare1
 .text.PWM_WriteCompare2
                0x000023f0        0xc .\CortexM3\ARM_GCC_541\Debug\ZumoBot.a(PWM.o)
                0x000023f0                PWM_WriteCompare2
 .text.PWM_SetInterruptMode
                0x000023fc        0xc .\CortexM3\ARM_GCC_541\Debug\ZumoBot.a(PWM.o)
                0x000023fc                PWM_SetInterruptMode
 .text.PWM_ReadStatusRegister
                0x00002408        0xc .\CortexM3\ARM_GCC_541\Debug\ZumoBot.a(PWM.o)
                0x00002408                PWM_ReadStatusRegister
 .text.PWM_ReadCapture
                0x00002414        0xc .\CortexM3\ARM_GCC_541\Debug\ZumoBot.a(PWM.o)
                0x00002414                PWM_ReadCapture
 .text.PWM_ClearFIFO
                0x00002420       0x14 .\CortexM3\ARM_GCC_541\Debug\ZumoBot.a(PWM.o)
                0x00002420                PWM_ClearFIFO
 .text.PWM_Init
                0x00002434       0x5c .\CortexM3\ARM_GCC_541\Debug\ZumoBot.a(PWM.o)
                0x00002434                PWM_Init
 .text.PWM_Start
                0x00002490       0x1c .\CortexM3\ARM_GCC_541\Debug\ZumoBot.a(PWM.o)
                0x00002490                PWM_Start
 .text.UART_1_Init
                0x000024ac       0x24 .\CortexM3\ARM_GCC_541\Debug\ZumoBot.a(UART_1.o)
                0x000024ac                UART_1_Init
 .text.UART_1_Enable
                0x000024d0       0x38 .\CortexM3\ARM_GCC_541\Debug\ZumoBot.a(UART_1.o)
                0x000024d0                UART_1_Enable
 .text.UART_1_Start
                0x00002508       0x1c .\CortexM3\ARM_GCC_541\Debug\ZumoBot.a(UART_1.o)
                0x00002508                UART_1_Start
 .text.UART_1_ReadRxData
                0x00002524        0xc .\CortexM3\ARM_GCC_541\Debug\ZumoBot.a(UART_1.o)
                0x00002524                UART_1_ReadRxData
 .text.UART_1_ReadRxStatus
                0x00002530       0x10 .\CortexM3\ARM_GCC_541\Debug\ZumoBot.a(UART_1.o)
                0x00002530                UART_1_ReadRxStatus
 .text.UART_1_SetTxInterruptMode
                0x00002540        0xc .\CortexM3\ARM_GCC_541\Debug\ZumoBot.a(UART_1.o)
                0x00002540                UART_1_SetTxInterruptMode
 .text.UART_1_ReadTxStatus
                0x0000254c        0xc .\CortexM3\ARM_GCC_541\Debug\ZumoBot.a(UART_1.o)
                0x0000254c                UART_1_ReadTxStatus
 .text.UART_1_PutChar
                0x00002558       0x18 .\CortexM3\ARM_GCC_541\Debug\ZumoBot.a(UART_1.o)
                0x00002558                UART_1_PutChar
 .text.MotorDirLeft_Write
                0x00002570       0x18 .\CortexM3\ARM_GCC_541\Debug\ZumoBot.a(MotorDirLeft.o)
                0x00002570                MotorDirLeft_Write
 .text.MotorDirRight_Write
                0x00002588       0x18 .\CortexM3\ARM_GCC_541\Debug\ZumoBot.a(MotorDirRight.o)
                0x00002588                MotorDirRight_Write
 .text.L3_Write
                0x000025a0       0x18 .\CortexM3\ARM_GCC_541\Debug\ZumoBot.a(L3.o)
                0x000025a0                L3_Write
 .text.L3_SetDriveMode
                0x000025b8       0x18 .\CortexM3\ARM_GCC_541\Debug\ZumoBot.a(L3.o)
                0x000025b8                L3_SetDriveMode
 .text.Timer_L3_Enable
                0x000025d0       0x28 .\CortexM3\ARM_GCC_541\Debug\ZumoBot.a(Timer_L3.o)
                0x000025d0                Timer_L3_Enable
 .text.Timer_L3_SetInterruptMode
                0x000025f8        0xc .\CortexM3\ARM_GCC_541\Debug\ZumoBot.a(Timer_L3.o)
                0x000025f8                Timer_L3_SetInterruptMode
 .text.Timer_L3_ReadStatusRegister
                0x00002604        0xc .\CortexM3\ARM_GCC_541\Debug\ZumoBot.a(Timer_L3.o)
                0x00002604                Timer_L3_ReadStatusRegister
 .text.Timer_L3_ReadPeriod
                0x00002610        0xc .\CortexM3\ARM_GCC_541\Debug\ZumoBot.a(Timer_L3.o)
                0x00002610                Timer_L3_ReadPeriod
 .text.Timer_L3_WritePeriod
                0x0000261c        0xc .\CortexM3\ARM_GCC_541\Debug\ZumoBot.a(Timer_L3.o)
                0x0000261c                Timer_L3_WritePeriod
 .text.Timer_L3_ReadCapture
                0x00002628        0xc .\CortexM3\ARM_GCC_541\Debug\ZumoBot.a(Timer_L3.o)
                0x00002628                Timer_L3_ReadCapture
 .text.Timer_L3_WriteCounter
                0x00002634        0xc .\CortexM3\ARM_GCC_541\Debug\ZumoBot.a(Timer_L3.o)
                0x00002634                Timer_L3_WriteCounter
 .text.Timer_L3_Init
                0x00002640       0x68 .\CortexM3\ARM_GCC_541\Debug\ZumoBot.a(Timer_L3.o)
                0x00002640                Timer_L3_Init
 .text.Timer_L3_Start
                0x000026a8       0x1c .\CortexM3\ARM_GCC_541\Debug\ZumoBot.a(Timer_L3.o)
                0x000026a8                Timer_L3_Start
 .text.Timer_L3_ReadCounter
                0x000026c4       0x14 .\CortexM3\ARM_GCC_541\Debug\ZumoBot.a(Timer_L3.o)
                0x000026c4                Timer_L3_ReadCounter
 .text.Timer_R3_Enable
                0x000026d8       0x28 .\CortexM3\ARM_GCC_541\Debug\ZumoBot.a(Timer_R3.o)
                0x000026d8                Timer_R3_Enable
 .text.Timer_R3_SetInterruptMode
                0x00002700        0xc .\CortexM3\ARM_GCC_541\Debug\ZumoBot.a(Timer_R3.o)
                0x00002700                Timer_R3_SetInterruptMode
 .text.Timer_R3_ReadStatusRegister
                0x0000270c        0xc .\CortexM3\ARM_GCC_541\Debug\ZumoBot.a(Timer_R3.o)
                0x0000270c                Timer_R3_ReadStatusRegister
 .text.Timer_R3_ReadPeriod
                0x00002718        0xc .\CortexM3\ARM_GCC_541\Debug\ZumoBot.a(Timer_R3.o)
                0x00002718                Timer_R3_ReadPeriod
 .text.Timer_R3_WritePeriod
                0x00002724        0xc .\CortexM3\ARM_GCC_541\Debug\ZumoBot.a(Timer_R3.o)
                0x00002724                Timer_R3_WritePeriod
 .text.Timer_R3_ReadCapture
                0x00002730        0xc .\CortexM3\ARM_GCC_541\Debug\ZumoBot.a(Timer_R3.o)
                0x00002730                Timer_R3_ReadCapture
 .text.Timer_R3_WriteCounter
                0x0000273c        0xc .\CortexM3\ARM_GCC_541\Debug\ZumoBot.a(Timer_R3.o)
                0x0000273c                Timer_R3_WriteCounter
 .text.Timer_R3_Init
                0x00002748       0x68 .\CortexM3\ARM_GCC_541\Debug\ZumoBot.a(Timer_R3.o)
                0x00002748                Timer_R3_Init
 .text.Timer_R3_Start
                0x000027b0       0x1c .\CortexM3\ARM_GCC_541\Debug\ZumoBot.a(Timer_R3.o)
                0x000027b0                Timer_R3_Start
 .text.Timer_R3_ReadCounter
                0x000027cc       0x14 .\CortexM3\ARM_GCC_541\Debug\ZumoBot.a(Timer_R3.o)
                0x000027cc                Timer_R3_ReadCounter
 .text.Refl_led_Write
                0x000027e0       0x18 .\CortexM3\ARM_GCC_541\Debug\ZumoBot.a(Refl_led.o)
                0x000027e0                Refl_led_Write
 .text.Timer_R1_Enable
                0x000027f8       0x28 .\CortexM3\ARM_GCC_541\Debug\ZumoBot.a(Timer_R1.o)
                0x000027f8                Timer_R1_Enable
 .text.Timer_R1_SetInterruptMode
                0x00002820        0xc .\CortexM3\ARM_GCC_541\Debug\ZumoBot.a(Timer_R1.o)
                0x00002820                Timer_R1_SetInterruptMode
 .text.Timer_R1_ReadStatusRegister
                0x0000282c        0xc .\CortexM3\ARM_GCC_541\Debug\ZumoBot.a(Timer_R1.o)
                0x0000282c                Timer_R1_ReadStatusRegister
 .text.Timer_R1_ReadPeriod
                0x00002838        0xc .\CortexM3\ARM_GCC_541\Debug\ZumoBot.a(Timer_R1.o)
                0x00002838                Timer_R1_ReadPeriod
 .text.Timer_R1_WritePeriod
                0x00002844        0xc .\CortexM3\ARM_GCC_541\Debug\ZumoBot.a(Timer_R1.o)
                0x00002844                Timer_R1_WritePeriod
 .text.Timer_R1_ReadCapture
                0x00002850        0xc .\CortexM3\ARM_GCC_541\Debug\ZumoBot.a(Timer_R1.o)
                0x00002850                Timer_R1_ReadCapture
 .text.Timer_R1_WriteCounter
                0x0000285c        0xc .\CortexM3\ARM_GCC_541\Debug\ZumoBot.a(Timer_R1.o)
                0x0000285c                Timer_R1_WriteCounter
 .text.Timer_R1_Init
                0x00002868       0x68 .\CortexM3\ARM_GCC_541\Debug\ZumoBot.a(Timer_R1.o)
                0x00002868                Timer_R1_Init
 .text.Timer_R1_Start
                0x000028d0       0x1c .\CortexM3\ARM_GCC_541\Debug\ZumoBot.a(Timer_R1.o)
                0x000028d0                Timer_R1_Start
 .text.Timer_R1_ReadCounter
                0x000028ec       0x14 .\CortexM3\ARM_GCC_541\Debug\ZumoBot.a(Timer_R1.o)
                0x000028ec                Timer_R1_ReadCounter
 .text.R1_Write
                0x00002900       0x18 .\CortexM3\ARM_GCC_541\Debug\ZumoBot.a(R1.o)
                0x00002900                R1_Write
 .text.R1_SetDriveMode
                0x00002918       0x18 .\CortexM3\ARM_GCC_541\Debug\ZumoBot.a(R1.o)
                0x00002918                R1_SetDriveMode
 .text.R3_Write
                0x00002930       0x18 .\CortexM3\ARM_GCC_541\Debug\ZumoBot.a(R3.o)
                0x00002930                R3_Write
 .text.R3_SetDriveMode
                0x00002948       0x18 .\CortexM3\ARM_GCC_541\Debug\ZumoBot.a(R3.o)
                0x00002948                R3_SetDriveMode
 .text.Timer_L1_Enable
                0x00002960       0x28 .\CortexM3\ARM_GCC_541\Debug\ZumoBot.a(Timer_L1.o)
                0x00002960                Timer_L1_Enable
 .text.Timer_L1_SetInterruptMode
                0x00002988        0xc .\CortexM3\ARM_GCC_541\Debug\ZumoBot.a(Timer_L1.o)
                0x00002988                Timer_L1_SetInterruptMode
 .text.Timer_L1_ReadStatusRegister
                0x00002994        0xc .\CortexM3\ARM_GCC_541\Debug\ZumoBot.a(Timer_L1.o)
                0x00002994                Timer_L1_ReadStatusRegister
 .text.Timer_L1_ReadPeriod
                0x000029a0        0xc .\CortexM3\ARM_GCC_541\Debug\ZumoBot.a(Timer_L1.o)
                0x000029a0                Timer_L1_ReadPeriod
 .text.Timer_L1_WritePeriod
                0x000029ac        0xc .\CortexM3\ARM_GCC_541\Debug\ZumoBot.a(Timer_L1.o)
                0x000029ac                Timer_L1_WritePeriod
 .text.Timer_L1_ReadCapture
                0x000029b8        0xc .\CortexM3\ARM_GCC_541\Debug\ZumoBot.a(Timer_L1.o)
                0x000029b8                Timer_L1_ReadCapture
 .text.Timer_L1_WriteCounter
                0x000029c4        0xc .\CortexM3\ARM_GCC_541\Debug\ZumoBot.a(Timer_L1.o)
                0x000029c4                Timer_L1_WriteCounter
 .text.Timer_L1_Init
                0x000029d0       0x68 .\CortexM3\ARM_GCC_541\Debug\ZumoBot.a(Timer_L1.o)
                0x000029d0                Timer_L1_Init
 .text.Timer_L1_Start
                0x00002a38       0x1c .\CortexM3\ARM_GCC_541\Debug\ZumoBot.a(Timer_L1.o)
                0x00002a38                Timer_L1_Start
 .text.Timer_L1_ReadCounter
                0x00002a54       0x14 .\CortexM3\ARM_GCC_541\Debug\ZumoBot.a(Timer_L1.o)
                0x00002a54                Timer_L1_ReadCounter
 .text.L1_Write
                0x00002a68       0x18 .\CortexM3\ARM_GCC_541\Debug\ZumoBot.a(L1.o)
                0x00002a68                L1_Write
 .text.L1_SetDriveMode
                0x00002a80       0x18 .\CortexM3\ARM_GCC_541\Debug\ZumoBot.a(L1.o)
                0x00002a80                L1_SetDriveMode
 .text.SW1_Read
                0x00002a98       0x10 .\CortexM3\ARM_GCC_541\Debug\ZumoBot.a(SW1.o)
                0x00002a98                SW1_Read
 .text.Timer_R2_Enable
                0x00002aa8       0x10 .\CortexM3\ARM_GCC_541\Debug\ZumoBot.a(Timer_R2.o)
                0x00002aa8                Timer_R2_Enable
 .text.Timer_R2_SetInterruptMode
                0x00002ab8        0xc .\CortexM3\ARM_GCC_541\Debug\ZumoBot.a(Timer_R2.o)
                0x00002ab8                Timer_R2_SetInterruptMode
 .text.Timer_R2_ReadStatusRegister
                0x00002ac4        0xc .\CortexM3\ARM_GCC_541\Debug\ZumoBot.a(Timer_R2.o)
                0x00002ac4                Timer_R2_ReadStatusRegister
 .text.Timer_R2_ReadPeriod
                0x00002ad0        0xc .\CortexM3\ARM_GCC_541\Debug\ZumoBot.a(Timer_R2.o)
                0x00002ad0                Timer_R2_ReadPeriod
 .text.Timer_R2_WritePeriod
                0x00002adc        0xc .\CortexM3\ARM_GCC_541\Debug\ZumoBot.a(Timer_R2.o)
                0x00002adc                Timer_R2_WritePeriod
 .text.Timer_R2_ReadCapture
                0x00002ae8        0xc .\CortexM3\ARM_GCC_541\Debug\ZumoBot.a(Timer_R2.o)
                0x00002ae8                Timer_R2_ReadCapture
 .text.Timer_R2_WriteCounter
                0x00002af4        0xc .\CortexM3\ARM_GCC_541\Debug\ZumoBot.a(Timer_R2.o)
                0x00002af4                Timer_R2_WriteCounter
 .text.Timer_R2_ReadCounter
                0x00002b00       0x14 .\CortexM3\ARM_GCC_541\Debug\ZumoBot.a(Timer_R2.o)
                0x00002b00                Timer_R2_ReadCounter
 .text.Timer_R2_ClearFIFO
                0x00002b14       0x14 .\CortexM3\ARM_GCC_541\Debug\ZumoBot.a(Timer_R2.o)
                0x00002b14                Timer_R2_ClearFIFO
 .text.Timer_R2_Init
                0x00002b28       0x34 .\CortexM3\ARM_GCC_541\Debug\ZumoBot.a(Timer_R2.o)
                0x00002b28                Timer_R2_Init
 .text.Timer_R2_Start
                0x00002b5c       0x1c .\CortexM3\ARM_GCC_541\Debug\ZumoBot.a(Timer_R2.o)
                0x00002b5c                Timer_R2_Start
 .text.Timer_L2_Enable
                0x00002b78       0x10 .\CortexM3\ARM_GCC_541\Debug\ZumoBot.a(Timer_L2.o)
                0x00002b78                Timer_L2_Enable
 .text.Timer_L2_SetInterruptMode
                0x00002b88        0xc .\CortexM3\ARM_GCC_541\Debug\ZumoBot.a(Timer_L2.o)
                0x00002b88                Timer_L2_SetInterruptMode
 .text.Timer_L2_ReadStatusRegister
                0x00002b94        0xc .\CortexM3\ARM_GCC_541\Debug\ZumoBot.a(Timer_L2.o)
                0x00002b94                Timer_L2_ReadStatusRegister
 .text.Timer_L2_ReadPeriod
                0x00002ba0        0xc .\CortexM3\ARM_GCC_541\Debug\ZumoBot.a(Timer_L2.o)
                0x00002ba0                Timer_L2_ReadPeriod
 .text.Timer_L2_WritePeriod
                0x00002bac        0xc .\CortexM3\ARM_GCC_541\Debug\ZumoBot.a(Timer_L2.o)
                0x00002bac                Timer_L2_WritePeriod
 .text.Timer_L2_ReadCapture
                0x00002bb8        0xc .\CortexM3\ARM_GCC_541\Debug\ZumoBot.a(Timer_L2.o)
                0x00002bb8                Timer_L2_ReadCapture
 .text.Timer_L2_WriteCounter
                0x00002bc4        0xc .\CortexM3\ARM_GCC_541\Debug\ZumoBot.a(Timer_L2.o)
                0x00002bc4                Timer_L2_WriteCounter
 .text.Timer_L2_ReadCounter
                0x00002bd0       0x14 .\CortexM3\ARM_GCC_541\Debug\ZumoBot.a(Timer_L2.o)
                0x00002bd0                Timer_L2_ReadCounter
 .text.Timer_L2_ClearFIFO
                0x00002be4       0x14 .\CortexM3\ARM_GCC_541\Debug\ZumoBot.a(Timer_L2.o)
                0x00002be4                Timer_L2_ClearFIFO
 .text.Timer_L2_Init
                0x00002bf8       0x34 .\CortexM3\ARM_GCC_541\Debug\ZumoBot.a(Timer_L2.o)
                0x00002bf8                Timer_L2_Init
 .text.Timer_L2_Start
                0x00002c2c       0x1c .\CortexM3\ARM_GCC_541\Debug\ZumoBot.a(Timer_L2.o)
                0x00002c2c                Timer_L2_Start
 .text.L2_Write
                0x00002c48       0x18 .\CortexM3\ARM_GCC_541\Debug\ZumoBot.a(L2.o)
                0x00002c48                L2_Write
 .text.L2_SetDriveMode
                0x00002c60       0x18 .\CortexM3\ARM_GCC_541\Debug\ZumoBot.a(L2.o)
                0x00002c60                L2_SetDriveMode
 .text.R2_Write
                0x00002c78       0x18 .\CortexM3\ARM_GCC_541\Debug\ZumoBot.a(R2.o)
                0x00002c78                R2_Write
 .text.R2_SetDriveMode
                0x00002c90       0x18 .\CortexM3\ARM_GCC_541\Debug\ZumoBot.a(R2.o)
                0x00002c90                R2_SetDriveMode
 .text.Timer_Reset_Write
                0x00002ca8        0xc .\CortexM3\ARM_GCC_541\Debug\ZumoBot.a(Timer_Reset.o)
                0x00002ca8                Timer_Reset_Write
 .text.UART_2_Init
                0x00002cb4       0x28 .\CortexM3\ARM_GCC_541\Debug\ZumoBot.a(UART_2.o)
                0x00002cb4                UART_2_Init
 .text.UART_2_Enable
                0x00002cdc       0x38 .\CortexM3\ARM_GCC_541\Debug\ZumoBot.a(UART_2.o)
                0x00002cdc                UART_2_Enable
 .text.UART_2_Start
                0x00002d14       0x1c .\CortexM3\ARM_GCC_541\Debug\ZumoBot.a(UART_2.o)
                0x00002d14                UART_2_Start
 .text.StatisticsCounter_Enable
                0x00002d30       0x10 .\CortexM3\ARM_GCC_541\Debug\ZumoBot.a(StatisticsCounter.o)
                0x00002d30                StatisticsCounter_Enable
 .text.StatisticsCounter_SetInterruptMode
                0x00002d40        0xc .\CortexM3\ARM_GCC_541\Debug\ZumoBot.a(StatisticsCounter.o)
                0x00002d40                StatisticsCounter_SetInterruptMode
 .text.StatisticsCounter_ReadStatusRegister
                0x00002d4c        0xc .\CortexM3\ARM_GCC_541\Debug\ZumoBot.a(StatisticsCounter.o)
                0x00002d4c                StatisticsCounter_ReadStatusRegister
 .text.StatisticsCounter_WriteCounter
                0x00002d58        0xc .\CortexM3\ARM_GCC_541\Debug\ZumoBot.a(StatisticsCounter.o)
                0x00002d58                StatisticsCounter_WriteCounter
 .text.StatisticsCounter_ReadCounter
                0x00002d64       0x14 .\CortexM3\ARM_GCC_541\Debug\ZumoBot.a(StatisticsCounter.o)
                0x00002d64                StatisticsCounter_ReadCounter
 .text.StatisticsCounter_ReadCapture
                0x00002d78        0xc .\CortexM3\ARM_GCC_541\Debug\ZumoBot.a(StatisticsCounter.o)
                0x00002d78                StatisticsCounter_ReadCapture
 .text.StatisticsCounter_WritePeriod
                0x00002d84        0xc .\CortexM3\ARM_GCC_541\Debug\ZumoBot.a(StatisticsCounter.o)
                0x00002d84                StatisticsCounter_WritePeriod
 .text.StatisticsCounter_WriteCompare
                0x00002d90        0xc .\CortexM3\ARM_GCC_541\Debug\ZumoBot.a(StatisticsCounter.o)
                0x00002d90                StatisticsCounter_WriteCompare
 .text.StatisticsCounter_ClearFIFO
                0x00002d9c       0x14 .\CortexM3\ARM_GCC_541\Debug\ZumoBot.a(StatisticsCounter.o)
                0x00002d9c                StatisticsCounter_ClearFIFO
 .text.StatisticsCounter_Init
                0x00002db0       0x54 .\CortexM3\ARM_GCC_541\Debug\ZumoBot.a(StatisticsCounter.o)
                0x00002db0                StatisticsCounter_Init
 .text.StatisticsCounter_Start
                0x00002e04       0x1c .\CortexM3\ARM_GCC_541\Debug\ZumoBot.a(StatisticsCounter.o)
                0x00002e04                StatisticsCounter_Start
 .text.isr_U1_TX_SetVector
                0x00002e20        0xc .\CortexM3\ARM_GCC_541\Debug\ZumoBot.a(isr_U1_TX.o)
                0x00002e20                isr_U1_TX_SetVector
 .text.isr_U1_TX_SetPriority
                0x00002e2c       0x10 .\CortexM3\ARM_GCC_541\Debug\ZumoBot.a(isr_U1_TX.o)
                0x00002e2c                isr_U1_TX_SetPriority
 .text.isr_U1_TX_Enable
                0x00002e3c        0xc .\CortexM3\ARM_GCC_541\Debug\ZumoBot.a(isr_U1_TX.o)
                0x00002e3c                isr_U1_TX_Enable
 .text.isr_U1_TX_Disable
                0x00002e48        0xc .\CortexM3\ARM_GCC_541\Debug\ZumoBot.a(isr_U1_TX.o)
                0x00002e48                isr_U1_TX_Disable
 .text.isr_U1_TX_StartEx
                0x00002e54       0x1c .\CortexM3\ARM_GCC_541\Debug\ZumoBot.a(isr_U1_TX.o)
                0x00002e54                isr_U1_TX_StartEx
 .text.isr_U1_TX_ClearPending
                0x00002e70        0xc .\CortexM3\ARM_GCC_541\Debug\ZumoBot.a(isr_U1_TX.o)
                0x00002e70                isr_U1_TX_ClearPending
 .text.isr_U1_RX_SetVector
                0x00002e7c        0xc .\CortexM3\ARM_GCC_541\Debug\ZumoBot.a(isr_U1_RX.o)
                0x00002e7c                isr_U1_RX_SetVector
 .text.isr_U1_RX_SetPriority
                0x00002e88       0x10 .\CortexM3\ARM_GCC_541\Debug\ZumoBot.a(isr_U1_RX.o)
                0x00002e88                isr_U1_RX_SetPriority
 .text.isr_U1_RX_Enable
                0x00002e98        0xc .\CortexM3\ARM_GCC_541\Debug\ZumoBot.a(isr_U1_RX.o)
                0x00002e98                isr_U1_RX_Enable
 .text.isr_U1_RX_Disable
                0x00002ea4        0xc .\CortexM3\ARM_GCC_541\Debug\ZumoBot.a(isr_U1_RX.o)
                0x00002ea4                isr_U1_RX_Disable
 .text.isr_U1_RX_StartEx
                0x00002eb0       0x1c .\CortexM3\ARM_GCC_541\Debug\ZumoBot.a(isr_U1_RX.o)
                0x00002eb0                isr_U1_RX_StartEx
 .text.isr_U1_RX_ClearPending
                0x00002ecc        0xc .\CortexM3\ARM_GCC_541\Debug\ZumoBot.a(isr_U1_RX.o)
                0x00002ecc                isr_U1_RX_ClearPending
 .text.UART_1_IntClock_Start
                0x00002ed8       0x1c .\CortexM3\ARM_GCC_541\Debug\ZumoBot.a(UART_1_IntClock.o)
                0x00002ed8                UART_1_IntClock_Start
 .text.UART_2_IntClock_Start
                0x00002ef4       0x1c .\CortexM3\ARM_GCC_541\Debug\ZumoBot.a(UART_2_IntClock.o)
                0x00002ef4                UART_2_IntClock_Start
 .text.CyDelayUs
                0x00002f10       0x14 .\CortexM3\ARM_GCC_541\Debug\ZumoBot.a(CyLib.o)
                0x00002f10                CyDelayUs
 *fill*         0x00002f24        0x4 
 .text          0x00002f28       0x20 .\CortexM3\ARM_GCC_541\Debug\ZumoBot.a(CyBootAsmGnu.o)
                0x00002f28                CyDelayCycles
                0x00002f38                CyEnterCriticalSection
                0x00002f40                CyExitCriticalSection
 .text          0x00002f48      0x370 c:/program files (x86)/cypress/psoc creator/4.2/psoc creator/import/gnu/arm/5.4.1/bin/../lib/gcc/arm-none-eabi/5.4.1/armv7-m\libgcc.a(_arm_addsubdf3.o)
                0x00002f48                __aeabi_drsub
                0x00002f50                __aeabi_dsub
                0x00002f50                __subdf3
                0x00002f54                __aeabi_dadd
                0x00002f54                __adddf3
                0x000031cc                __floatunsidf
                0x000031cc                __aeabi_ui2d
                0x000031ec                __floatsidf
                0x000031ec                __aeabi_i2d
                0x00003210                __aeabi_f2d
                0x00003210                __extendsfdf2
                0x0000324c                __floatundidf
                0x0000324c                __aeabi_ul2d
                0x0000325c                __floatdidf
                0x0000325c                __aeabi_l2d
 .text          0x000032b8      0x424 c:/program files (x86)/cypress/psoc creator/4.2/psoc creator/import/gnu/arm/5.4.1/bin/../lib/gcc/arm-none-eabi/5.4.1/armv7-m\libgcc.a(_arm_muldivdf3.o)
                0x000032b8                __aeabi_dmul
                0x000032b8                __muldf3
                0x0000350c                __divdf3
                0x0000350c                __aeabi_ddiv
 .text          0x000036dc      0x110 c:/program files (x86)/cypress/psoc creator/4.2/psoc creator/import/gnu/arm/5.4.1/bin/../lib/gcc/arm-none-eabi/5.4.1/armv7-m\libgcc.a(_arm_cmpdf2.o)
                0x000036dc                __gtdf2
                0x000036dc                __gedf2
                0x000036e4                __ltdf2
                0x000036e4                __ledf2
                0x000036ec                __nedf2
                0x000036ec                __eqdf2
                0x000036ec                __cmpdf2
                0x00003768                __aeabi_cdrcmple
                0x00003778                __aeabi_cdcmpeq
                0x00003778                __aeabi_cdcmple
                0x00003788                __aeabi_dcmpeq
                0x0000379c                __aeabi_dcmplt
                0x000037b0                __aeabi_dcmple
                0x000037c4                __aeabi_dcmpge
                0x000037d8                __aeabi_dcmpgt
 .text          0x000037ec      0x21c c:/program files (x86)/cypress/psoc creator/4.2/psoc creator/import/gnu/arm/5.4.1/bin/../lib/gcc/arm-none-eabi/5.4.1/armv7-m\libgcc.a(_arm_addsubsf3.o)
                0x000037ec                __aeabi_frsub
                0x000037f4                __subsf3
                0x000037f4                __aeabi_fsub
                0x000037f8                __aeabi_fadd
                0x000037f8                __addsf3
                0x00003958                __aeabi_ui2f
                0x00003958                __floatunsisf
                0x00003960                __aeabi_i2f
                0x00003960                __floatsisf
                0x0000397c                __aeabi_ul2f
                0x0000397c                __floatundisf
                0x0000398c                __aeabi_l2f
                0x0000398c                __floatdisf
 .text          0x00003a08       0xec c:/program files (x86)/cypress/psoc creator/4.2/psoc creator/import/gnu/arm/5.4.1/bin/../lib/gcc/arm-none-eabi/5.4.1/armv7-m\libgcc.a(_arm_cmpsf2.o)
                0x00003a08                __gesf2
                0x00003a08                __gtsf2
                0x00003a10                __lesf2
                0x00003a10                __ltsf2
                0x00003a18                __nesf2
                0x00003a18                __eqsf2
                0x00003a18                __cmpsf2
                0x00003a78                __aeabi_cfrcmple
                0x00003a80                __aeabi_cfcmpeq
                0x00003a80                __aeabi_cfcmple
                0x00003a90                __aeabi_fcmpeq
                0x00003aa4                __aeabi_fcmplt
                0x00003ab8                __aeabi_fcmple
                0x00003acc                __aeabi_fcmpge
                0x00003ae0                __aeabi_fcmpgt
 .text          0x00003af4       0x4c c:/program files (x86)/cypress/psoc creator/4.2/psoc creator/import/gnu/arm/5.4.1/bin/../lib/gcc/arm-none-eabi/5.4.1/armv7-m\libgcc.a(_arm_fixsfsi.o)
                0x00003af4                __aeabi_f2iz
                0x00003af4                __fixsfsi
 .text.__errno  0x00003b40        0xc c:/program files (x86)/cypress/psoc creator/4.2/psoc creator/import/gnu/arm/5.4.1/bin/../lib/gcc/arm-none-eabi/5.4.1/../../../../arm-none-eabi/lib/armv7-m\libg.a(lib_a-errno.o)
                0x00003b40                __errno
 .text.__sflush_r
                0x00003b4c      0x148 c:/program files (x86)/cypress/psoc creator/4.2/psoc creator/import/gnu/arm/5.4.1/bin/../lib/gcc/arm-none-eabi/5.4.1/../../../../arm-none-eabi/lib/armv7-m\libg.a(lib_a-fflush.o)
                0x00003b4c                __sflush_r
 .text._fflush_r
                0x00003c94       0x2c c:/program files (x86)/cypress/psoc creator/4.2/psoc creator/import/gnu/arm/5.4.1/bin/../lib/gcc/arm-none-eabi/5.4.1/../../../../arm-none-eabi/lib/armv7-m\libg.a(lib_a-fflush.o)
                0x00003c94                _fflush_r
 .text.fflush   0x00003cc0       0x24 c:/program files (x86)/cypress/psoc creator/4.2/psoc creator/import/gnu/arm/5.4.1/bin/../lib/gcc/arm-none-eabi/5.4.1/../../../../arm-none-eabi/lib/armv7-m\libg.a(lib_a-fflush.o)
                0x00003cc0                fflush
 .text._cleanup_r
                0x00003ce4        0xc c:/program files (x86)/cypress/psoc creator/4.2/psoc creator/import/gnu/arm/5.4.1/bin/../lib/gcc/arm-none-eabi/5.4.1/../../../../arm-none-eabi/lib/armv7-m\libg.a(lib_a-findfp.o)
                0x00003ce4                _cleanup_r
 .text.__sinit.part.1
                0x00003cf0       0xf0 c:/program files (x86)/cypress/psoc creator/4.2/psoc creator/import/gnu/arm/5.4.1/bin/../lib/gcc/arm-none-eabi/5.4.1/../../../../arm-none-eabi/lib/armv7-m\libg.a(lib_a-findfp.o)
 .text.__sinit  0x00003de0        0xc c:/program files (x86)/cypress/psoc creator/4.2/psoc creator/import/gnu/arm/5.4.1/bin/../lib/gcc/arm-none-eabi/5.4.1/../../../../arm-none-eabi/lib/armv7-m\libg.a(lib_a-findfp.o)
                0x00003de0                __sinit
 .text.__sfp_lock_acquire
                0x00003dec        0x4 c:/program files (x86)/cypress/psoc creator/4.2/psoc creator/import/gnu/arm/5.4.1/bin/../lib/gcc/arm-none-eabi/5.4.1/../../../../arm-none-eabi/lib/armv7-m\libg.a(lib_a-findfp.o)
                0x00003dec                __sfp_lock_acquire
 .text.__sfp_lock_release
                0x00003df0        0x4 c:/program files (x86)/cypress/psoc creator/4.2/psoc creator/import/gnu/arm/5.4.1/bin/../lib/gcc/arm-none-eabi/5.4.1/../../../../arm-none-eabi/lib/armv7-m\libg.a(lib_a-findfp.o)
                0x00003df0                __sfp_lock_release
 .text._malloc_trim_r
                0x00003df4       0x9c c:/program files (x86)/cypress/psoc creator/4.2/psoc creator/import/gnu/arm/5.4.1/bin/../lib/gcc/arm-none-eabi/5.4.1/../../../../arm-none-eabi/lib/armv7-m\libg.a(lib_a-freer.o)
                0x00003df4                _malloc_trim_r
 .text._free_r  0x00003e90      0x1d0 c:/program files (x86)/cypress/psoc creator/4.2/psoc creator/import/gnu/arm/5.4.1/bin/../lib/gcc/arm-none-eabi/5.4.1/../../../../arm-none-eabi/lib/armv7-m\libg.a(lib_a-freer.o)
                0x00003e90                _free_r
 .text._fwalk_reent
                0x00004060       0x50 c:/program files (x86)/cypress/psoc creator/4.2/psoc creator/import/gnu/arm/5.4.1/bin/../lib/gcc/arm-none-eabi/5.4.1/../../../../arm-none-eabi/lib/armv7-m\libg.a(lib_a-fwalk.o)
                0x00004060                _fwalk_reent
 .text.__libc_init_array
                0x000040b0       0x50 c:/program files (x86)/cypress/psoc creator/4.2/psoc creator/import/gnu/arm/5.4.1/bin/../lib/gcc/arm-none-eabi/5.4.1/../../../../arm-none-eabi/lib/armv7-m\libg.a(lib_a-init.o)
                0x000040b0                __libc_init_array
 .text._malloc_r
                0x00004100      0x558 c:/program files (x86)/cypress/psoc creator/4.2/psoc creator/import/gnu/arm/5.4.1/bin/../lib/gcc/arm-none-eabi/5.4.1/../../../../arm-none-eabi/lib/armv7-m\libg.a(lib_a-mallocr.o)
                0x00004100                _malloc_r
 .text          0x00004658       0xec c:/program files (x86)/cypress/psoc creator/4.2/psoc creator/import/gnu/arm/5.4.1/bin/../lib/gcc/arm-none-eabi/5.4.1/../../../../arm-none-eabi/lib/armv7-m\libg.a(lib_a-memcpy.o)
                0x00004658                memcpy
 .text.memmove  0x00004744       0xc8 c:/program files (x86)/cypress/psoc creator/4.2/psoc creator/import/gnu/arm/5.4.1/bin/../lib/gcc/arm-none-eabi/5.4.1/../../../../arm-none-eabi/lib/armv7-m\libg.a(lib_a-memmove.o)
                0x00004744                memmove
 .text.memset   0x0000480c       0x9c c:/program files (x86)/cypress/psoc creator/4.2/psoc creator/import/gnu/arm/5.4.1/bin/../lib/gcc/arm-none-eabi/5.4.1/../../../../arm-none-eabi/lib/armv7-m\libg.a(lib_a-memset.o)
                0x0000480c                memset
 .text.__malloc_lock
                0x000048a8        0x4 c:/program files (x86)/cypress/psoc creator/4.2/psoc creator/import/gnu/arm/5.4.1/bin/../lib/gcc/arm-none-eabi/5.4.1/../../../../arm-none-eabi/lib/armv7-m\libg.a(lib_a-mlock.o)
                0x000048a8                __malloc_lock
 .text.__malloc_unlock
                0x000048ac        0x4 c:/program files (x86)/cypress/psoc creator/4.2/psoc creator/import/gnu/arm/5.4.1/bin/../lib/gcc/arm-none-eabi/5.4.1/../../../../arm-none-eabi/lib/armv7-m\libg.a(lib_a-mlock.o)
                0x000048ac                __malloc_unlock
 .text.printf   0x000048b0       0x28 c:/program files (x86)/cypress/psoc creator/4.2/psoc creator/import/gnu/arm/5.4.1/bin/../lib/gcc/arm-none-eabi/5.4.1/../../../../arm-none-eabi/lib/armv7-m\libg.a(lib_a-printf.o)
                0x000048b0                printf
 .text._puts_r  0x000048d8       0x68 c:/program files (x86)/cypress/psoc creator/4.2/psoc creator/import/gnu/arm/5.4.1/bin/../lib/gcc/arm-none-eabi/5.4.1/../../../../arm-none-eabi/lib/armv7-m\libg.a(lib_a-puts.o)
                0x000048d8                _puts_r
 .text.puts     0x00004940       0x10 c:/program files (x86)/cypress/psoc creator/4.2/psoc creator/import/gnu/arm/5.4.1/bin/../lib/gcc/arm-none-eabi/5.4.1/../../../../arm-none-eabi/lib/armv7-m\libg.a(lib_a-puts.o)
                0x00004940                puts
 .text.cleanup_glue
                0x00004950       0x1c c:/program files (x86)/cypress/psoc creator/4.2/psoc creator/import/gnu/arm/5.4.1/bin/../lib/gcc/arm-none-eabi/5.4.1/../../../../arm-none-eabi/lib/armv7-m\libg.a(lib_a-reent.o)
                0x00004950                cleanup_glue
 .text._reclaim_reent
                0x0000496c       0x88 c:/program files (x86)/cypress/psoc creator/4.2/psoc creator/import/gnu/arm/5.4.1/bin/../lib/gcc/arm-none-eabi/5.4.1/../../../../arm-none-eabi/lib/armv7-m\libg.a(lib_a-reent.o)
                0x0000496c                _reclaim_reent
 .text._sbrk_r  0x000049f4       0x24 c:/program files (x86)/cypress/psoc creator/4.2/psoc creator/import/gnu/arm/5.4.1/bin/../lib/gcc/arm-none-eabi/5.4.1/../../../../arm-none-eabi/lib/armv7-m\libg.a(lib_a-sbrkr.o)
                0x000049f4                _sbrk_r
 .text.__sread  0x00004a18       0x24 c:/program files (x86)/cypress/psoc creator/4.2/psoc creator/import/gnu/arm/5.4.1/bin/../lib/gcc/arm-none-eabi/5.4.1/../../../../arm-none-eabi/lib/armv7-m\libg.a(lib_a-stdio.o)
                0x00004a18                __sread
 .text.__swrite
                0x00004a3c       0x3c c:/program files (x86)/cypress/psoc creator/4.2/psoc creator/import/gnu/arm/5.4.1/bin/../lib/gcc/arm-none-eabi/5.4.1/../../../../arm-none-eabi/lib/armv7-m\libg.a(lib_a-stdio.o)
                0x00004a3c                __swrite
 .text.__sseek  0x00004a78       0x20 c:/program files (x86)/cypress/psoc creator/4.2/psoc creator/import/gnu/arm/5.4.1/bin/../lib/gcc/arm-none-eabi/5.4.1/../../../../arm-none-eabi/lib/armv7-m\libg.a(lib_a-stdio.o)
                0x00004a78                __sseek
 .text.__sclose
                0x00004a98        0x8 c:/program files (x86)/cypress/psoc creator/4.2/psoc creator/import/gnu/arm/5.4.1/bin/../lib/gcc/arm-none-eabi/5.4.1/../../../../arm-none-eabi/lib/armv7-m\libg.a(lib_a-stdio.o)
                0x00004a98                __sclose
 .text.strlen   0x00004aa0       0x5c c:/program files (x86)/cypress/psoc creator/4.2/psoc creator/import/gnu/arm/5.4.1/bin/../lib/gcc/arm-none-eabi/5.4.1/../../../../arm-none-eabi/lib/armv7-m\libg.a(lib_a-strlen-stub.o)
                0x00004aa0                strlen
 .text._vfprintf_r
                0x00004afc     0x1788 c:/program files (x86)/cypress/psoc creator/4.2/psoc creator/import/gnu/arm/5.4.1/bin/../lib/gcc/arm-none-eabi/5.4.1/../../../../arm-none-eabi/lib/armv7-m\libg.a(lib_a-vfprintf.o)
                0x00004afc                _vfprintf_r
 .text.__sbprintf
                0x00006284       0x6c c:/program files (x86)/cypress/psoc creator/4.2/psoc creator/import/gnu/arm/5.4.1/bin/../lib/gcc/arm-none-eabi/5.4.1/../../../../arm-none-eabi/lib/armv7-m\libg.a(lib_a-vfprintf.o)
 .text._write_r
                0x000062f0       0x2c c:/program files (x86)/cypress/psoc creator/4.2/psoc creator/import/gnu/arm/5.4.1/bin/../lib/gcc/arm-none-eabi/5.4.1/../../../../arm-none-eabi/lib/armv7-m\libg.a(lib_a-writer.o)
                0x000062f0                _write_r
 .text.__swsetup_r
                0x0000631c       0xc8 c:/program files (x86)/cypress/psoc creator/4.2/psoc creator/import/gnu/arm/5.4.1/bin/../lib/gcc/arm-none-eabi/5.4.1/../../../../arm-none-eabi/lib/armv7-m\libg.a(lib_a-wsetup.o)
                0x0000631c                __swsetup_r
 .text.startup.register_fini
                0x000063e4       0x14 c:/program files (x86)/cypress/psoc creator/4.2/psoc creator/import/gnu/arm/5.4.1/bin/../lib/gcc/arm-none-eabi/5.4.1/../../../../arm-none-eabi/lib/armv7-m\libg.a(lib_a-__call_atexit.o)
 .text.atexit   0x000063f8        0xc c:/program files (x86)/cypress/psoc creator/4.2/psoc creator/import/gnu/arm/5.4.1/bin/../lib/gcc/arm-none-eabi/5.4.1/../../../../arm-none-eabi/lib/armv7-m\libg.a(lib_a-atexit.o)
                0x000063f8                atexit
 .text._close_r
                0x00006404       0x24 c:/program files (x86)/cypress/psoc creator/4.2/psoc creator/import/gnu/arm/5.4.1/bin/../lib/gcc/arm-none-eabi/5.4.1/../../../../arm-none-eabi/lib/armv7-m\libg.a(lib_a-closer.o)
                0x00006404                _close_r
 .text.quorem   0x00006428      0x12c c:/program files (x86)/cypress/psoc creator/4.2/psoc creator/import/gnu/arm/5.4.1/bin/../lib/gcc/arm-none-eabi/5.4.1/../../../../arm-none-eabi/lib/armv7-m\libg.a(lib_a-dtoa.o)
 *fill*         0x00006554        0x4 
 .text._dtoa_r  0x00006558      0xe4c c:/program files (x86)/cypress/psoc creator/4.2/psoc creator/import/gnu/arm/5.4.1/bin/../lib/gcc/arm-none-eabi/5.4.1/../../../../arm-none-eabi/lib/armv7-m\libg.a(lib_a-dtoa.o)
                0x00006558                _dtoa_r
 .text._fclose_r
                0x000073a4       0x84 c:/program files (x86)/cypress/psoc creator/4.2/psoc creator/import/gnu/arm/5.4.1/bin/../lib/gcc/arm-none-eabi/5.4.1/../../../../arm-none-eabi/lib/armv7-m\libg.a(lib_a-fclose.o)
                0x000073a4                _fclose_r
 .text.__libc_fini_array
                0x00007428       0x28 c:/program files (x86)/cypress/psoc creator/4.2/psoc creator/import/gnu/arm/5.4.1/bin/../lib/gcc/arm-none-eabi/5.4.1/../../../../arm-none-eabi/lib/armv7-m\libg.a(lib_a-fini.o)
                0x00007428                __libc_fini_array
 .text.__sfvwrite_r
                0x00007450      0x308 c:/program files (x86)/cypress/psoc creator/4.2/psoc creator/import/gnu/arm/5.4.1/bin/../lib/gcc/arm-none-eabi/5.4.1/../../../../arm-none-eabi/lib/armv7-m\libg.a(lib_a-fvwrite.o)
                0x00007450                __sfvwrite_r
 .text.__locale_charset
                0x00007758        0x8 c:/program files (x86)/cypress/psoc creator/4.2/psoc creator/import/gnu/arm/5.4.1/bin/../lib/gcc/arm-none-eabi/5.4.1/../../../../arm-none-eabi/lib/armv7-m\libg.a(lib_a-locale.o)
                0x00007758                __locale_charset
 .text.__locale_mb_cur_max
                0x00007760        0xc c:/program files (x86)/cypress/psoc creator/4.2/psoc creator/import/gnu/arm/5.4.1/bin/../lib/gcc/arm-none-eabi/5.4.1/../../../../arm-none-eabi/lib/armv7-m\libg.a(lib_a-locale.o)
                0x00007760                __locale_mb_cur_max
 .text._localeconv_r
                0x0000776c        0x8 c:/program files (x86)/cypress/psoc creator/4.2/psoc creator/import/gnu/arm/5.4.1/bin/../lib/gcc/arm-none-eabi/5.4.1/../../../../arm-none-eabi/lib/armv7-m\libg.a(lib_a-locale.o)
                0x0000776c                _localeconv_r
 .text._lseek_r
                0x00007774       0x2c c:/program files (x86)/cypress/psoc creator/4.2/psoc creator/import/gnu/arm/5.4.1/bin/../lib/gcc/arm-none-eabi/5.4.1/../../../../arm-none-eabi/lib/armv7-m\libg.a(lib_a-lseekr.o)
                0x00007774                _lseek_r
 .text.__swhatbuf_r
                0x000077a0       0x60 c:/program files (x86)/cypress/psoc creator/4.2/psoc creator/import/gnu/arm/5.4.1/bin/../lib/gcc/arm-none-eabi/5.4.1/../../../../arm-none-eabi/lib/armv7-m\libg.a(lib_a-makebuf.o)
                0x000077a0                __swhatbuf_r
 .text.__smakebuf_r
                0x00007800       0x88 c:/program files (x86)/cypress/psoc creator/4.2/psoc creator/import/gnu/arm/5.4.1/bin/../lib/gcc/arm-none-eabi/5.4.1/../../../../arm-none-eabi/lib/armv7-m\libg.a(lib_a-makebuf.o)
                0x00007800                __smakebuf_r
 .text.memchr   0x00007888       0x8c c:/program files (x86)/cypress/psoc creator/4.2/psoc creator/import/gnu/arm/5.4.1/bin/../lib/gcc/arm-none-eabi/5.4.1/../../../../arm-none-eabi/lib/armv7-m\libg.a(lib_a-memchr-stub.o)
                0x00007888                memchr
 .text._Balloc  0x00007914       0x50 c:/program files (x86)/cypress/psoc creator/4.2/psoc creator/import/gnu/arm/5.4.1/bin/../lib/gcc/arm-none-eabi/5.4.1/../../../../arm-none-eabi/lib/armv7-m\libg.a(lib_a-mprec.o)
                0x00007914                _Balloc
 .text._Bfree   0x00007964       0x14 c:/program files (x86)/cypress/psoc creator/4.2/psoc creator/import/gnu/arm/5.4.1/bin/../lib/gcc/arm-none-eabi/5.4.1/../../../../arm-none-eabi/lib/armv7-m\libg.a(lib_a-mprec.o)
                0x00007964                _Bfree
 .text.__multadd
                0x00007978       0x80 c:/program files (x86)/cypress/psoc creator/4.2/psoc creator/import/gnu/arm/5.4.1/bin/../lib/gcc/arm-none-eabi/5.4.1/../../../../arm-none-eabi/lib/armv7-m\libg.a(lib_a-mprec.o)
                0x00007978                __multadd
 .text.__hi0bits
                0x000079f8       0x40 c:/program files (x86)/cypress/psoc creator/4.2/psoc creator/import/gnu/arm/5.4.1/bin/../lib/gcc/arm-none-eabi/5.4.1/../../../../arm-none-eabi/lib/armv7-m\libg.a(lib_a-mprec.o)
                0x000079f8                __hi0bits
 .text.__lo0bits
                0x00007a38       0x5c c:/program files (x86)/cypress/psoc creator/4.2/psoc creator/import/gnu/arm/5.4.1/bin/../lib/gcc/arm-none-eabi/5.4.1/../../../../arm-none-eabi/lib/armv7-m\libg.a(lib_a-mprec.o)
                0x00007a38                __lo0bits
 .text.__i2b    0x00007a94       0x14 c:/program files (x86)/cypress/psoc creator/4.2/psoc creator/import/gnu/arm/5.4.1/bin/../lib/gcc/arm-none-eabi/5.4.1/../../../../arm-none-eabi/lib/armv7-m\libg.a(lib_a-mprec.o)
                0x00007a94                __i2b
 .text.__multiply
                0x00007aa8      0x13c c:/program files (x86)/cypress/psoc creator/4.2/psoc creator/import/gnu/arm/5.4.1/bin/../lib/gcc/arm-none-eabi/5.4.1/../../../../arm-none-eabi/lib/armv7-m\libg.a(lib_a-mprec.o)
                0x00007aa8                __multiply
 .text.__pow5mult
                0x00007be4       0xa0 c:/program files (x86)/cypress/psoc creator/4.2/psoc creator/import/gnu/arm/5.4.1/bin/../lib/gcc/arm-none-eabi/5.4.1/../../../../arm-none-eabi/lib/armv7-m\libg.a(lib_a-mprec.o)
                0x00007be4                __pow5mult
 .text.__lshift
                0x00007c84       0xac c:/program files (x86)/cypress/psoc creator/4.2/psoc creator/import/gnu/arm/5.4.1/bin/../lib/gcc/arm-none-eabi/5.4.1/../../../../arm-none-eabi/lib/armv7-m\libg.a(lib_a-mprec.o)
                0x00007c84                __lshift
 .text.__mcmp   0x00007d30       0x40 c:/program files (x86)/cypress/psoc creator/4.2/psoc creator/import/gnu/arm/5.4.1/bin/../lib/gcc/arm-none-eabi/5.4.1/../../../../arm-none-eabi/lib/armv7-m\libg.a(lib_a-mprec.o)
                0x00007d30                __mcmp
 .text.__mdiff  0x00007d70      0x128 c:/program files (x86)/cypress/psoc creator/4.2/psoc creator/import/gnu/arm/5.4.1/bin/../lib/gcc/arm-none-eabi/5.4.1/../../../../arm-none-eabi/lib/armv7-m\libg.a(lib_a-mprec.o)
                0x00007d70                __mdiff
 .text.__d2b    0x00007e98       0xa8 c:/program files (x86)/cypress/psoc creator/4.2/psoc creator/import/gnu/arm/5.4.1/bin/../lib/gcc/arm-none-eabi/5.4.1/../../../../arm-none-eabi/lib/armv7-m\libg.a(lib_a-mprec.o)
                0x00007e98                __d2b
 .text._read_r  0x00007f40       0x2c c:/program files (x86)/cypress/psoc creator/4.2/psoc creator/import/gnu/arm/5.4.1/bin/../lib/gcc/arm-none-eabi/5.4.1/../../../../arm-none-eabi/lib/armv7-m\libg.a(lib_a-readr.o)
                0x00007f40                _read_r
 .text._realloc_r
                0x00007f6c      0x3d4 c:/program files (x86)/cypress/psoc creator/4.2/psoc creator/import/gnu/arm/5.4.1/bin/../lib/gcc/arm-none-eabi/5.4.1/../../../../arm-none-eabi/lib/armv7-m\libg.a(lib_a-reallocr.o)
                0x00007f6c                _realloc_r
 .text.__sprint_r.part.0
                0x00008340       0x78 c:/program files (x86)/cypress/psoc creator/4.2/psoc creator/import/gnu/arm/5.4.1/bin/../lib/gcc/arm-none-eabi/5.4.1/../../../../arm-none-eabi/lib/armv7-m\libg.a(lib_a-vfiprintf.o)
 .text.__sprint_r
                0x000083b8       0x14 c:/program files (x86)/cypress/psoc creator/4.2/psoc creator/import/gnu/arm/5.4.1/bin/../lib/gcc/arm-none-eabi/5.4.1/../../../../arm-none-eabi/lib/armv7-m\libg.a(lib_a-vfiprintf.o)
                0x000083b8                __sprint_r
 .text.__register_exitproc
                0x000083cc       0xa4 c:/program files (x86)/cypress/psoc creator/4.2/psoc creator/import/gnu/arm/5.4.1/bin/../lib/gcc/arm-none-eabi/5.4.1/../../../../arm-none-eabi/lib/armv7-m\libg.a(lib_a-__atexit.o)
                0x000083cc                __register_exitproc
 .text._calloc_r
                0x00008470       0x60 c:/program files (x86)/cypress/psoc creator/4.2/psoc creator/import/gnu/arm/5.4.1/bin/../lib/gcc/arm-none-eabi/5.4.1/../../../../arm-none-eabi/lib/armv7-m\libg.a(lib_a-callocr.o)
                0x00008470                _calloc_r
 .text.__fputwc
                0x000084d0       0x94 c:/program files (x86)/cypress/psoc creator/4.2/psoc creator/import/gnu/arm/5.4.1/bin/../lib/gcc/arm-none-eabi/5.4.1/../../../../arm-none-eabi/lib/armv7-m\libg.a(lib_a-fputwc.o)
                0x000084d0                __fputwc
 .text._fputwc_r
                0x00008564       0x24 c:/program files (x86)/cypress/psoc creator/4.2/psoc creator/import/gnu/arm/5.4.1/bin/../lib/gcc/arm-none-eabi/5.4.1/../../../../arm-none-eabi/lib/armv7-m\libg.a(lib_a-fputwc.o)
                0x00008564                _fputwc_r
 .text._fstat_r
                0x00008588       0x28 c:/program files (x86)/cypress/psoc creator/4.2/psoc creator/import/gnu/arm/5.4.1/bin/../lib/gcc/arm-none-eabi/5.4.1/../../../../arm-none-eabi/lib/armv7-m\libg.a(lib_a-fstatr.o)
                0x00008588                _fstat_r
 .text._isatty_r
                0x000085b0       0x24 c:/program files (x86)/cypress/psoc creator/4.2/psoc creator/import/gnu/arm/5.4.1/bin/../lib/gcc/arm-none-eabi/5.4.1/../../../../arm-none-eabi/lib/armv7-m\libg.a(lib_a-isattyr.o)
                0x000085b0                _isatty_r
 .text.__swbuf_r
                0x000085d4       0xac c:/program files (x86)/cypress/psoc creator/4.2/psoc creator/import/gnu/arm/5.4.1/bin/../lib/gcc/arm-none-eabi/5.4.1/../../../../arm-none-eabi/lib/armv7-m\libg.a(lib_a-wbuf.o)
                0x000085d4                __swbuf_r
 .text._wcrtomb_r
                0x00008680       0x54 c:/program files (x86)/cypress/psoc creator/4.2/psoc creator/import/gnu/arm/5.4.1/bin/../lib/gcc/arm-none-eabi/5.4.1/../../../../arm-none-eabi/lib/armv7-m\libg.a(lib_a-wcrtomb.o)
                0x00008680                _wcrtomb_r
 .text.__ascii_wctomb
                0x000086d4       0x1c c:/program files (x86)/cypress/psoc creator/4.2/psoc creator/import/gnu/arm/5.4.1/bin/../lib/gcc/arm-none-eabi/5.4.1/../../../../arm-none-eabi/lib/armv7-m\libg.a(lib_a-wctomb_r.o)
                0x000086d4                __ascii_wctomb
 .text          0x000086f0       0x2c c:/program files (x86)/cypress/psoc creator/4.2/psoc creator/import/gnu/arm/5.4.1/bin/../lib/gcc/arm-none-eabi/5.4.1/armv7-m\libgcc.a(_arm_unorddf2.o)
                0x000086f0                __unorddf2
                0x000086f0                __aeabi_dcmpun
 .text          0x0000871c       0x50 c:/program files (x86)/cypress/psoc creator/4.2/psoc creator/import/gnu/arm/5.4.1/bin/../lib/gcc/arm-none-eabi/5.4.1/armv7-m\libgcc.a(_arm_fixdfsi.o)
                0x0000871c                __aeabi_d2iz
                0x0000871c                __fixdfsi
 .text          0x0000876c       0x30 c:/program files (x86)/cypress/psoc creator/4.2/psoc creator/import/gnu/arm/5.4.1/bin/../lib/gcc/arm-none-eabi/5.4.1/armv7-m\libgcc.a(_aeabi_uldivmod.o)
                0x0000876c                __aeabi_uldivmod
 .text          0x0000879c      0x2ec c:/program files (x86)/cypress/psoc creator/4.2/psoc creator/import/gnu/arm/5.4.1/bin/../lib/gcc/arm-none-eabi/5.4.1/armv7-m\libgcc.a(_udivmoddi4.o)
                0x0000879c                __udivmoddi4
 .text          0x00008a88        0x4 c:/program files (x86)/cypress/psoc creator/4.2/psoc creator/import/gnu/arm/5.4.1/bin/../lib/gcc/arm-none-eabi/5.4.1/armv7-m\libgcc.a(_dvmd_tls.o)
                0x00008a88                __aeabi_idiv0
                0x00008a88                __aeabi_ldiv0
 .text._close   0x00008a8c       0x10 c:/program files (x86)/cypress/psoc creator/4.2/psoc creator/import/gnu/arm/5.4.1/bin/../lib/gcc/arm-none-eabi/5.4.1/../../../../arm-none-eabi/lib/armv7-m\libnosys.a(close.o)
                0x00008a8c                _close
 .text._fstat   0x00008a9c       0x10 c:/program files (x86)/cypress/psoc creator/4.2/psoc creator/import/gnu/arm/5.4.1/bin/../lib/gcc/arm-none-eabi/5.4.1/../../../../arm-none-eabi/lib/armv7-m\libnosys.a(fstat.o)
                0x00008a9c                _fstat
 .text._isatty  0x00008aac       0x10 c:/program files (x86)/cypress/psoc creator/4.2/psoc creator/import/gnu/arm/5.4.1/bin/../lib/gcc/arm-none-eabi/5.4.1/../../../../arm-none-eabi/lib/armv7-m\libnosys.a(isatty.o)
                0x00008aac                _isatty
 .text._lseek   0x00008abc       0x10 c:/program files (x86)/cypress/psoc creator/4.2/psoc creator/import/gnu/arm/5.4.1/bin/../lib/gcc/arm-none-eabi/5.4.1/../../../../arm-none-eabi/lib/armv7-m\libnosys.a(lseek.o)
                0x00008abc                _lseek
 *(.plt)
 *(.gnu.warning)
 *(.glue_7t)
 .glue_7t       0x00008acc        0x0 linker stubs
 *(.glue_7)
 .glue_7        0x00008acc        0x0 linker stubs
 *(.vfp11_veneer)
 .vfp11_veneer  0x00008acc        0x0 linker stubs
 *(.bootloader)
 *(.ARM.extab* .gnu.linkonce.armextab.*)
 *(.gcc_except_table)

.v4_bx          0x00008acc        0x0
 .v4_bx         0x00008acc        0x0 linker stubs

.iplt           0x00008acc        0x0
 .iplt          0x00008acc        0x0 c:/program files (x86)/cypress/psoc creator/4.2/psoc creator/import/gnu/arm/5.4.1/bin/../lib/gcc/arm-none-eabi/5.4.1/armv7-m/crtbegin.o

.eh_frame_hdr
 *(.eh_frame_hdr)

.eh_frame       0x00008acc        0x4
 *(.eh_frame)
 .eh_frame      0x00008acc        0x0 c:/program files (x86)/cypress/psoc creator/4.2/psoc creator/import/gnu/arm/5.4.1/bin/../lib/gcc/arm-none-eabi/5.4.1/armv7-m/crtbegin.o
 .eh_frame      0x00008acc        0x4 c:/program files (x86)/cypress/psoc creator/4.2/psoc creator/import/gnu/arm/5.4.1/bin/../lib/gcc/arm-none-eabi/5.4.1/armv7-m/crtend.o
                [!provide]                PROVIDE (__exidx_start, .)

.ARM.exidx      0x00008ad0        0x8
 *(.ARM.exidx* .gnu.linkonce.armexidx.*)
 .ARM.exidx     0x00008ad0        0x8 c:/program files (x86)/cypress/psoc creator/4.2/psoc creator/import/gnu/arm/5.4.1/bin/../lib/gcc/arm-none-eabi/5.4.1/armv7-m\libgcc.a(_udivmoddi4.o)
                0x00008ad8                __exidx_end = .

.rodata         0x00008ad8      0x308
 *(.rodata .rodata.* .gnu.linkonce.r.*)
 .rodata.str1.4
                0x00008ad8       0x21 .\CortexM3\ARM_GCC_541\Debug\rtos_main.o
 *fill*         0x00008af9        0x3 
 .rodata.str1.4
                0x00008afc        0xc .\CortexM3\ARM_GCC_541\Debug\Reflectance.o
 .rodata.str1.4
                0x00008b08       0x34 .\CortexM3\ARM_GCC_541\Debug\tasks.o
 .rodata.str1.4
                0x00008b3c       0x7e .\CortexM3\ARM_GCC_541\Debug\main.o
 *fill*         0x00008bba        0x2 
 .rodata        0x00008bbc       0x60 .\CortexM3\ARM_GCC_541\Debug\cyfitter_cfg.o
 .rodata.str1.4
                0x00008c1c        0x2 c:/program files (x86)/cypress/psoc creator/4.2/psoc creator/import/gnu/arm/5.4.1/bin/../lib/gcc/arm-none-eabi/5.4.1/../../../../arm-none-eabi/lib/armv7-m\libg.a(lib_a-impure.o)
 .rodata._global_impure_ptr
                0x00008c1c        0x4 c:/program files (x86)/cypress/psoc creator/4.2/psoc creator/import/gnu/arm/5.4.1/bin/../lib/gcc/arm-none-eabi/5.4.1/../../../../arm-none-eabi/lib/armv7-m\libg.a(lib_a-impure.o)
                0x00008c1c                _global_impure_ptr
 .rodata.str1.4
                0x00008c20        0x2 c:/program files (x86)/cypress/psoc creator/4.2/psoc creator/import/gnu/arm/5.4.1/bin/../lib/gcc/arm-none-eabi/5.4.1/../../../../arm-none-eabi/lib/armv7-m\libg.a(lib_a-puts.o)
 *fill*         0x00008c22        0x2 
 .rodata.blanks.7070
                0x00008c24       0x10 c:/program files (x86)/cypress/psoc creator/4.2/psoc creator/import/gnu/arm/5.4.1/bin/../lib/gcc/arm-none-eabi/5.4.1/../../../../arm-none-eabi/lib/armv7-m\libg.a(lib_a-vfprintf.o)
 .rodata.str1.4
                0x00008c34       0x42 c:/program files (x86)/cypress/psoc creator/4.2/psoc creator/import/gnu/arm/5.4.1/bin/../lib/gcc/arm-none-eabi/5.4.1/../../../../arm-none-eabi/lib/armv7-m\libg.a(lib_a-vfprintf.o)
 *fill*         0x00008c76        0x2 
 .rodata.zeroes.7071
                0x00008c78       0x10 c:/program files (x86)/cypress/psoc creator/4.2/psoc creator/import/gnu/arm/5.4.1/bin/../lib/gcc/arm-none-eabi/5.4.1/../../../../arm-none-eabi/lib/armv7-m\libg.a(lib_a-vfprintf.o)
 .rodata.str1.4
                0x00008c88       0x10 c:/program files (x86)/cypress/psoc creator/4.2/psoc creator/import/gnu/arm/5.4.1/bin/../lib/gcc/arm-none-eabi/5.4.1/../../../../arm-none-eabi/lib/armv7-m\libg.a(lib_a-dtoa.o)
                                 0x12 (size before relaxing)
 .rodata.str1.4
                0x00008c98        0xc c:/program files (x86)/cypress/psoc creator/4.2/psoc creator/import/gnu/arm/5.4.1/bin/../lib/gcc/arm-none-eabi/5.4.1/../../../../arm-none-eabi/lib/armv7-m\libg.a(lib_a-locale.o)
                                 0x12 (size before relaxing)
 *fill*         0x00008ca4        0x4 
 .rodata.__mprec_tens
                0x00008ca8       0xc8 c:/program files (x86)/cypress/psoc creator/4.2/psoc creator/import/gnu/arm/5.4.1/bin/../lib/gcc/arm-none-eabi/5.4.1/../../../../arm-none-eabi/lib/armv7-m\libg.a(lib_a-mprec.o)
                0x00008ca8                __mprec_tens
 .rodata.__mprec_bigtens
                0x00008d70       0x28 c:/program files (x86)/cypress/psoc creator/4.2/psoc creator/import/gnu/arm/5.4.1/bin/../lib/gcc/arm-none-eabi/5.4.1/../../../../arm-none-eabi/lib/armv7-m\libg.a(lib_a-mprec.o)
                0x00008d70                __mprec_bigtens
 .rodata.p05.5396
                0x00008d98        0xc c:/program files (x86)/cypress/psoc creator/4.2/psoc creator/import/gnu/arm/5.4.1/bin/../lib/gcc/arm-none-eabi/5.4.1/../../../../arm-none-eabi/lib/armv7-m\libg.a(lib_a-mprec.o)
                0x00008da4                . = ALIGN (0x4)
 *(.init)
 .init          0x00008da4        0x4 c:/program files (x86)/cypress/psoc creator/4.2/psoc creator/import/gnu/arm/5.4.1/bin/../lib/gcc/arm-none-eabi/5.4.1/armv7-m/crti.o
                0x00008da4                _init
 .init          0x00008da8        0x8 c:/program files (x86)/cypress/psoc creator/4.2/psoc creator/import/gnu/arm/5.4.1/bin/../lib/gcc/arm-none-eabi/5.4.1/armv7-m/crtn.o
                0x00008db0                . = ALIGN (0x4)
                0x00008db0                __preinit_array_start = .
 *(.preinit_array)
                0x00008db0                __preinit_array_end = .
                0x00008db0                . = ALIGN (0x4)
                0x00008db0                __init_array_start = .
 *(SORT(.init_array.*))
 .init_array.00000
                0x00008db0        0x4 c:/program files (x86)/cypress/psoc creator/4.2/psoc creator/import/gnu/arm/5.4.1/bin/../lib/gcc/arm-none-eabi/5.4.1/../../../../arm-none-eabi/lib/armv7-m\libg.a(lib_a-__call_atexit.o)
 *(.init_array)
 .init_array    0x00008db4        0x4 c:/program files (x86)/cypress/psoc creator/4.2/psoc creator/import/gnu/arm/5.4.1/bin/../lib/gcc/arm-none-eabi/5.4.1/armv7-m/crtbegin.o
 .init_array    0x00008db8        0x4 .\CortexM3\ARM_GCC_541\Debug\Cm3Start.o
                0x00008dbc                __init_array_end = .
                0x00008dbc                . = ALIGN (0x4)
 *(.fini)
 .fini          0x00008dbc        0x4 c:/program files (x86)/cypress/psoc creator/4.2/psoc creator/import/gnu/arm/5.4.1/bin/../lib/gcc/arm-none-eabi/5.4.1/armv7-m/crti.o
                0x00008dbc                _fini
 .fini          0x00008dc0        0x8 c:/program files (x86)/cypress/psoc creator/4.2/psoc creator/import/gnu/arm/5.4.1/bin/../lib/gcc/arm-none-eabi/5.4.1/armv7-m/crtn.o
                0x00008dc8                . = ALIGN (0x4)
                0x00008dc8                __fini_array_start = .
 *(.fini_array)
 .fini_array    0x00008dc8        0x4 c:/program files (x86)/cypress/psoc creator/4.2/psoc creator/import/gnu/arm/5.4.1/bin/../lib/gcc/arm-none-eabi/5.4.1/armv7-m/crtbegin.o
 *(SORT(.fini_array.*))
                0x00008dcc                __fini_array_end = .
                0x00008dcc                . = ALIGN (0x4)
 *crtbegin.o(.ctors)
 *(EXCLUDE_FILE(*crtend.o) .ctors)
 *(SORT(.ctors.*))
 *crtend.o(.ctors)
                0x00008dcc                . = ALIGN (0x4)
 *crtbegin.o(.dtors)
 *(EXCLUDE_FILE(*crtend.o) .dtors)
 *(SORT(.dtors.*))
 *crtend.o(.dtors)
                0x00008dcc                . = ALIGN (0x4)
                0x00008dcc                __cy_regions = .
                0x00008dcc        0x4 LONG 0x8de0 __cy_region_init_ram
                0x00008dd0        0x4 LONG 0x1fff80c8 __cy_region_start_data
                0x00008dd4        0x4 LONG 0x8d0 __cy_region_init_size_ram
                0x00008dd8        0x4 LONG 0xa088 __cy_region_zero_size_ram
                0x00008ddc                __cy_regions_end = .
                0x00008de0                . = ALIGN (0x8)
 *fill*         0x00008ddc        0x4 
                0x00008de0                _etext = .

.cy_checksum_exclude
                0x00008de0        0x0
 *(.cy_checksum_exclude)

.ramvectors     0x1fff8000       0xc0
                0x1fff8000                __cy_region_start_ram = .
 *(.ramvectors)
 .ramvectors    0x1fff8000       0xc0 .\CortexM3\ARM_GCC_541\Debug\Cm3Start.o
                0x1fff8000                CyRamVectors

.noinit         0x1fff80c0        0x1
 *(.noinit)
 .noinit        0x1fff80c0        0x1 .\CortexM3\ARM_GCC_541\Debug\ZumoBot.a(CyLib.o)
                0x1fff80c0                CyResetStatus

.data           0x1fff80c8      0x8d0 load address 0x00008de0
                0x1fff80c8                __cy_region_start_data = .
 *(.jcr)
 .jcr           0x1fff80c8        0x0 c:/program files (x86)/cypress/psoc creator/4.2/psoc creator/import/gnu/arm/5.4.1/bin/../lib/gcc/arm-none-eabi/5.4.1/armv7-m/crtbegin.o
 .jcr           0x1fff80c8        0x4 c:/program files (x86)/cypress/psoc creator/4.2/psoc creator/import/gnu/arm/5.4.1/bin/../lib/gcc/arm-none-eabi/5.4.1/armv7-m/crtend.o
 *(.got.plt)
 *(.got)
 *(.shdata)
 *(.data .data.* .gnu.linkonce.d.*)
 .data          0x1fff80cc        0xc .\CortexM3\ARM_GCC_541\Debug\Reflectance.o
 .data          0x1fff80d8        0x4 .\CortexM3\ARM_GCC_541\Debug\port.o
 .data          0x1fff80dc        0x4 .\CortexM3\ARM_GCC_541\Debug\heap_2.o
 .data          0x1fff80e0        0x4 .\CortexM3\ARM_GCC_541\Debug\Cm3Start.o
 .data          0x1fff80e4       0x10 .\CortexM3\ARM_GCC_541\Debug\ZumoBot.a(CyLib.o)
                0x1fff80e4                cydelay_32k_ms
                0x1fff80e8                cydelay_freq_khz
                0x1fff80ec                cydelay_freq_mhz
                0x1fff80f0                cydelay_freq_hz
 *fill*         0x1fff80f4        0x4 
 .data.impure_data
                0x1fff80f8      0x428 c:/program files (x86)/cypress/psoc creator/4.2/psoc creator/import/gnu/arm/5.4.1/bin/../lib/gcc/arm-none-eabi/5.4.1/../../../../arm-none-eabi/lib/armv7-m\libg.a(lib_a-impure.o)
 .data._impure_ptr
                0x1fff8520        0x4 c:/program files (x86)/cypress/psoc creator/4.2/psoc creator/import/gnu/arm/5.4.1/bin/../lib/gcc/arm-none-eabi/5.4.1/../../../../arm-none-eabi/lib/armv7-m\libg.a(lib_a-impure.o)
                0x1fff8520                _impure_ptr
 .data.__malloc_av_
                0x1fff8524      0x408 c:/program files (x86)/cypress/psoc creator/4.2/psoc creator/import/gnu/arm/5.4.1/bin/../lib/gcc/arm-none-eabi/5.4.1/../../../../arm-none-eabi/lib/armv7-m\libg.a(lib_a-mallocr.o)
                0x1fff8524                __malloc_av_
 .data.__malloc_trim_threshold
                0x1fff892c        0x4 c:/program files (x86)/cypress/psoc creator/4.2/psoc creator/import/gnu/arm/5.4.1/bin/../lib/gcc/arm-none-eabi/5.4.1/../../../../arm-none-eabi/lib/armv7-m\libg.a(lib_a-mallocr.o)
                0x1fff892c                __malloc_trim_threshold
 .data.__malloc_sbrk_base
                0x1fff8930        0x4 c:/program files (x86)/cypress/psoc creator/4.2/psoc creator/import/gnu/arm/5.4.1/bin/../lib/gcc/arm-none-eabi/5.4.1/../../../../arm-none-eabi/lib/armv7-m\libg.a(lib_a-mallocr.o)
                0x1fff8930                __malloc_sbrk_base
 .data.lconv    0x1fff8934       0x38 c:/program files (x86)/cypress/psoc creator/4.2/psoc creator/import/gnu/arm/5.4.1/bin/../lib/gcc/arm-none-eabi/5.4.1/../../../../arm-none-eabi/lib/armv7-m\libg.a(lib_a-locale.o)
 .data.lc_ctype_charset
                0x1fff896c       0x20 c:/program files (x86)/cypress/psoc creator/4.2/psoc creator/import/gnu/arm/5.4.1/bin/../lib/gcc/arm-none-eabi/5.4.1/../../../../arm-none-eabi/lib/armv7-m\libg.a(lib_a-locale.o)
 .data.__mb_cur_max
                0x1fff898c        0x4 c:/program files (x86)/cypress/psoc creator/4.2/psoc creator/import/gnu/arm/5.4.1/bin/../lib/gcc/arm-none-eabi/5.4.1/../../../../arm-none-eabi/lib/armv7-m\libg.a(lib_a-locale.o)
                0x1fff898c                __mb_cur_max
 .data.__wctomb
                0x1fff8990        0x4 c:/program files (x86)/cypress/psoc creator/4.2/psoc creator/import/gnu/arm/5.4.1/bin/../lib/gcc/arm-none-eabi/5.4.1/../../../../arm-none-eabi/lib/armv7-m\libg.a(lib_a-wctomb_r.o)
                0x1fff8990                __wctomb
                0x1fff8998                . = ALIGN (0x8)
 *fill*         0x1fff8994        0x4 
 *(.ram)
                0x1fff8998                _edata = .

.igot.plt       0x1fff8998        0x0 load address 0x000096b0
 .igot.plt      0x1fff8998        0x0 c:/program files (x86)/cypress/psoc creator/4.2/psoc creator/import/gnu/arm/5.4.1/bin/../lib/gcc/arm-none-eabi/5.4.1/armv7-m/crtbegin.o

.bss            0x1fff8998     0xa088 load address 0x000096b0
                0x1fff8998                PROVIDE (__bss_start__, .)
 *(.shbss)
 *(.bss .bss.* .gnu.linkonce.b.*)
 .bss           0x1fff8998       0x1c c:/program files (x86)/cypress/psoc creator/4.2/psoc creator/import/gnu/arm/5.4.1/bin/../lib/gcc/arm-none-eabi/5.4.1/armv7-m/crtbegin.o
 .bss           0x1fff89b4       0x94 .\CortexM3\ARM_GCC_541\Debug\Retarget.o
 .bss           0x1fff8a48      0x448 .\CortexM3\ARM_GCC_541\Debug\debug_uart.o
 .bss           0x1fff8e90      0xa08 .\CortexM3\ARM_GCC_541\Debug\mqtt_sender.o
 .bss           0x1fff9898        0x8 .\CortexM3\ARM_GCC_541\Debug\serial1.o
 .bss           0x1fff98a0       0x1c .\CortexM3\ARM_GCC_541\Debug\Reflectance.o
 .bss           0x1fff98bc      0x108 .\CortexM3\ARM_GCC_541\Debug\tasks.o
                0x1fff9994                pxCurrentTCB
 .bss           0x1fff99c4     0x9014 .\CortexM3\ARM_GCC_541\Debug\heap_2.o
 .bss           0x200029d8        0x1 .\CortexM3\ARM_GCC_541\Debug\ZumoBot.a(PWM.o)
                0x200029d8                PWM_initVar
 .bss           0x200029d9        0x2 .\CortexM3\ARM_GCC_541\Debug\ZumoBot.a(UART_1.o)
                0x200029d9                UART_1_initVar
 .bss           0x200029db        0x1 .\CortexM3\ARM_GCC_541\Debug\ZumoBot.a(Timer_L3.o)
                0x200029db                Timer_L3_initVar
 .bss           0x200029dc        0x1 .\CortexM3\ARM_GCC_541\Debug\ZumoBot.a(Timer_R3.o)
                0x200029dc                Timer_R3_initVar
 .bss           0x200029dd        0x1 .\CortexM3\ARM_GCC_541\Debug\ZumoBot.a(Timer_R1.o)
                0x200029dd                Timer_R1_initVar
 .bss           0x200029de        0x1 .\CortexM3\ARM_GCC_541\Debug\ZumoBot.a(Timer_L1.o)
                0x200029de                Timer_L1_initVar
 .bss           0x200029df        0x1 .\CortexM3\ARM_GCC_541\Debug\ZumoBot.a(Timer_R2.o)
                0x200029df                Timer_R2_initVar
 .bss           0x200029e0        0x1 .\CortexM3\ARM_GCC_541\Debug\ZumoBot.a(Timer_L2.o)
                0x200029e0                Timer_L2_initVar
 .bss           0x200029e1        0x2 .\CortexM3\ARM_GCC_541\Debug\ZumoBot.a(UART_2.o)
                0x200029e1                UART_2_initVar
 .bss           0x200029e3        0x1 .\CortexM3\ARM_GCC_541\Debug\ZumoBot.a(StatisticsCounter.o)
                0x200029e3                StatisticsCounter_initVar
 .bss.__malloc_max_total_mem
                0x200029e4        0x4 c:/program files (x86)/cypress/psoc creator/4.2/psoc creator/import/gnu/arm/5.4.1/bin/../lib/gcc/arm-none-eabi/5.4.1/../../../../arm-none-eabi/lib/armv7-m\libg.a(lib_a-mallocr.o)
                0x200029e4                __malloc_max_total_mem
 .bss.__malloc_max_sbrked_mem
                0x200029e8        0x4 c:/program files (x86)/cypress/psoc creator/4.2/psoc creator/import/gnu/arm/5.4.1/bin/../lib/gcc/arm-none-eabi/5.4.1/../../../../arm-none-eabi/lib/armv7-m\libg.a(lib_a-mallocr.o)
                0x200029e8                __malloc_max_sbrked_mem
 .bss.__malloc_top_pad
                0x200029ec        0x4 c:/program files (x86)/cypress/psoc creator/4.2/psoc creator/import/gnu/arm/5.4.1/bin/../lib/gcc/arm-none-eabi/5.4.1/../../../../arm-none-eabi/lib/armv7-m\libg.a(lib_a-mallocr.o)
                0x200029ec                __malloc_top_pad
 .bss.__malloc_current_mallinfo
                0x200029f0       0x28 c:/program files (x86)/cypress/psoc creator/4.2/psoc creator/import/gnu/arm/5.4.1/bin/../lib/gcc/arm-none-eabi/5.4.1/../../../../arm-none-eabi/lib/armv7-m\libg.a(lib_a-mallocr.o)
                0x200029f0                __malloc_current_mallinfo
 *(COMMON)
 COMMON         0x20002a18        0x4 c:/program files (x86)/cypress/psoc creator/4.2/psoc creator/import/gnu/arm/5.4.1/bin/../lib/gcc/arm-none-eabi/5.4.1/../../../../arm-none-eabi/lib/armv7-m\libg.a(lib_a-reent.o)
                0x20002a18                errno
                0x20002a20                . = ALIGN (0x8)
 *fill*         0x20002a1c        0x4 
 *(.ram.b)
                0x20002a20                _end = .
                0x20002a20                __end = .
                0x20002a20                PROVIDE (end, .)
                0x20002a20                PROVIDE (__bss_end__, .)
                0x00008de0                __cy_region_init_ram = LOADADDR (.data)
                0x000008d0                __cy_region_init_size_ram = (_edata - ADDR (.data))
                0x0000a088                __cy_region_zero_size_ram = (_end - _edata)

.heap           0x20002a20     0x2000 load address 0x000096b0
                0x20002a20                . = _end
                0x20004a20                . = (. + 0x2000)
 *fill*         0x20002a20     0x2000 
                0x20004a20                __cy_heap_limit = .

.stack          0x20007800      0x800
                0x20007800                __cy_stack_limit = .
                0x20008000                . = (. + 0x800)
 *fill*         0x20007800      0x800 
                0x00000001                ASSERT ((__cy_stack_limit >= __cy_heap_limit), region RAM overflowed with stack)
                0x00000000                cy_checksum_exclude_size = (CY_APPL_LOADABLE == 0x1)?SIZEOF (.cy_checksum_exclude):0x0
                0x00000001                ASSERT ((cy_checksum_exclude_size <= CY_CHECKSUM_EXCLUDE_SIZE), CY_BOOT: Section .cy_checksum_exclude size exceedes specified limit.)

.cyloadermeta
 *(.cyloadermeta)

.cyloadablemeta
 *(.cyloadablemeta)

.cyconfigecc    0x80000000     0x1220
 *(.cyconfigecc)
 .cyconfigecc   0x80000000     0x1220 .\CortexM3\ARM_GCC_541\Debug\cymetadata.o
                0x80000000                cy_meta_configecc

.cycustnvl      0x90000000        0x4
 *(.cycustnvl)
 .cycustnvl     0x90000000        0x4 .\CortexM3\ARM_GCC_541\Debug\cymetadata.o
                0x90000000                cy_meta_custnvl

.cywolatch      0x90100000        0x4
 *(.cywolatch)
 .cywolatch     0x90100000        0x4 .\CortexM3\ARM_GCC_541\Debug\cymetadata.o
                0x90100000                cy_meta_wonvl

.cyeeprom       0x90200000        0x0
 *(.cyeeprom)
                0x00000001                ASSERT ((. <= ((0x90200000 + ee_offset) + ee_size)), .cyeeprom data will not fit in EEPROM)

.cyflashprotect
                0x90400000      0x100
 *(.cyflashprotect)
 .cyflashprotect
                0x90400000      0x100 .\CortexM3\ARM_GCC_541\Debug\cymetadata.o
                0x90400000                cy_meta_flashprotect

.cymeta         0x90500000        0xc
 *(.cymeta)
 .cymeta        0x90500000        0xc .\CortexM3\ARM_GCC_541\Debug\cymetadata.o
                0x90500000                cy_metadata

.rel.dyn        0x000096b0        0x0 load address 0x9050000c
 .rel.iplt      0x000096b0        0x0 c:/program files (x86)/cypress/psoc creator/4.2/psoc creator/import/gnu/arm/5.4.1/bin/../lib/gcc/arm-none-eabi/5.4.1/armv7-m/crtbegin.o

.stab           0x00000000       0x6c
 *(.stab)
 .stab          0x00000000       0x24 c:/program files (x86)/cypress/psoc creator/4.2/psoc creator/import/gnu/arm/5.4.1/bin/../lib/gcc/arm-none-eabi/5.4.1/../../../../arm-none-eabi/lib/armv7-m\libnosys.a(close.o)
 .stab          0x00000024       0x18 c:/program files (x86)/cypress/psoc creator/4.2/psoc creator/import/gnu/arm/5.4.1/bin/../lib/gcc/arm-none-eabi/5.4.1/../../../../arm-none-eabi/lib/armv7-m\libnosys.a(fstat.o)
                                 0x24 (size before relaxing)
 .stab          0x0000003c       0x18 c:/program files (x86)/cypress/psoc creator/4.2/psoc creator/import/gnu/arm/5.4.1/bin/../lib/gcc/arm-none-eabi/5.4.1/../../../../arm-none-eabi/lib/armv7-m\libnosys.a(isatty.o)
                                 0x24 (size before relaxing)
 .stab          0x00000054       0x18 c:/program files (x86)/cypress/psoc creator/4.2/psoc creator/import/gnu/arm/5.4.1/bin/../lib/gcc/arm-none-eabi/5.4.1/../../../../arm-none-eabi/lib/armv7-m\libnosys.a(lseek.o)
                                 0x24 (size before relaxing)

.stabstr        0x00000000       0xe3
 *(.stabstr)
 .stabstr       0x00000000       0xe3 c:/program files (x86)/cypress/psoc creator/4.2/psoc creator/import/gnu/arm/5.4.1/bin/../lib/gcc/arm-none-eabi/5.4.1/../../../../arm-none-eabi/lib/armv7-m\libnosys.a(close.o)

.debug
 *(.debug)

.line
 *(.line)

.debug_srcinfo
 *(.debug_srcinfo)

.debug_sfnames
 *(.debug_sfnames)

.debug_aranges  0x00000000     0x2430
 *(.debug_aranges)
 .debug_aranges
                0x00000000       0x20 .\CortexM3\ARM_GCC_541\Debug\Beep.o
 .debug_aranges
                0x00000020       0x40 .\CortexM3\ARM_GCC_541\Debug\Gyro.o
 .debug_aranges
                0x00000060       0x40 .\CortexM3\ARM_GCC_541\Debug\IR.o
 .debug_aranges
                0x000000a0       0x20 .\CortexM3\ARM_GCC_541\Debug\Magnet.o
 .debug_aranges
                0x000000c0       0x40 .\CortexM3\ARM_GCC_541\Debug\Motor.o
 .debug_aranges
                0x00000100       0x30 .\CortexM3\ARM_GCC_541\Debug\Nunchuk.o
 .debug_aranges
                0x00000130       0x38 .\CortexM3\ARM_GCC_541\Debug\Ultra.o
 .debug_aranges
                0x00000168       0x30 .\CortexM3\ARM_GCC_541\Debug\Retarget.o
 .debug_aranges
                0x00000198       0x30 .\CortexM3\ARM_GCC_541\Debug\I2C_Common.o
 .debug_aranges
                0x000001c8       0x28 .\CortexM3\ARM_GCC_541\Debug\LSM303D.o
 .debug_aranges
                0x000001f0       0x88 .\CortexM3\ARM_GCC_541\Debug\debug_uart.o
 .debug_aranges
                0x00000278      0x130 .\CortexM3\ARM_GCC_541\Debug\esp8266_socket.o
 .debug_aranges
                0x000003a8       0x40 .\CortexM3\ARM_GCC_541\Debug\rtos_main.o
 .debug_aranges
                0x000003e8       0x58 .\CortexM3\ARM_GCC_541\Debug\serial.o
 .debug_aranges
                0x00000440       0x40 .\CortexM3\ARM_GCC_541\Debug\mqtt_sender.o
 .debug_aranges
                0x00000480       0x48 .\CortexM3\ARM_GCC_541\Debug\serial1.o